Archive member included to satisfy reference by file (symbol)

c:/program files (x86)/atmel/studio/7.0/toolchain/arm/arm-gnu-toolchain/bin/../lib/gcc/arm-none-eabi/5.3.1/armv7e-m\libgcc.a(_aeabi_uldivmod.o)
                              src/main.o (__aeabi_uldivmod)
c:/program files (x86)/atmel/studio/7.0/toolchain/arm/arm-gnu-toolchain/bin/../lib/gcc/arm-none-eabi/5.3.1/armv7e-m\libgcc.a(_udivmoddi4.o)
                              c:/program files (x86)/atmel/studio/7.0/toolchain/arm/arm-gnu-toolchain/bin/../lib/gcc/arm-none-eabi/5.3.1/armv7e-m\libgcc.a(_aeabi_uldivmod.o) (__udivmoddi4)
c:/program files (x86)/atmel/studio/7.0/toolchain/arm/arm-gnu-toolchain/bin/../lib/gcc/arm-none-eabi/5.3.1/armv7e-m\libgcc.a(_dvmd_tls.o)
                              c:/program files (x86)/atmel/studio/7.0/toolchain/arm/arm-gnu-toolchain/bin/../lib/gcc/arm-none-eabi/5.3.1/armv7e-m\libgcc.a(_aeabi_uldivmod.o) (__aeabi_ldiv0)
c:/program files (x86)/atmel/studio/7.0/toolchain/arm/arm-gnu-toolchain/bin/../lib/gcc/arm-none-eabi/5.3.1/../../../../arm-none-eabi/lib/armv7e-m\libc.a(lib_a-exit.o)
                              c:/program files (x86)/atmel/studio/7.0/toolchain/arm/arm-gnu-toolchain/bin/../lib/gcc/arm-none-eabi/5.3.1/../../../../arm-none-eabi/lib/armv7e-m/crt0.o (exit)
c:/program files (x86)/atmel/studio/7.0/toolchain/arm/arm-gnu-toolchain/bin/../lib/gcc/arm-none-eabi/5.3.1/../../../../arm-none-eabi/lib/armv7e-m\libc.a(lib_a-impure.o)
                              c:/program files (x86)/atmel/studio/7.0/toolchain/arm/arm-gnu-toolchain/bin/../lib/gcc/arm-none-eabi/5.3.1/../../../../arm-none-eabi/lib/armv7e-m\libc.a(lib_a-exit.o) (_global_impure_ptr)
c:/program files (x86)/atmel/studio/7.0/toolchain/arm/arm-gnu-toolchain/bin/../lib/gcc/arm-none-eabi/5.3.1/../../../../arm-none-eabi/lib/armv7e-m\libc.a(lib_a-init.o)
                              c:/program files (x86)/atmel/studio/7.0/toolchain/arm/arm-gnu-toolchain/bin/../lib/gcc/arm-none-eabi/5.3.1/../../../../arm-none-eabi/lib/armv7e-m/crt0.o (__libc_init_array)
c:/program files (x86)/atmel/studio/7.0/toolchain/arm/arm-gnu-toolchain/bin/../lib/gcc/arm-none-eabi/5.3.1/../../../../arm-none-eabi/lib/armv7e-m\libc.a(lib_a-iprintf.o)
                              src/ASF/sam/utils/syscalls/gcc/syscalls.o (iprintf)
c:/program files (x86)/atmel/studio/7.0/toolchain/arm/arm-gnu-toolchain/bin/../lib/gcc/arm-none-eabi/5.3.1/../../../../arm-none-eabi/lib/armv7e-m\libc.a(lib_a-memset.o)
                              c:/program files (x86)/atmel/studio/7.0/toolchain/arm/arm-gnu-toolchain/bin/../lib/gcc/arm-none-eabi/5.3.1/../../../../arm-none-eabi/lib/armv7e-m/crt0.o (memset)
c:/program files (x86)/atmel/studio/7.0/toolchain/arm/arm-gnu-toolchain/bin/../lib/gcc/arm-none-eabi/5.3.1/../../../../arm-none-eabi/lib/armv7e-m\libc.a(lib_a-setbuf.o)
                              src/main.o (setbuf)
c:/program files (x86)/atmel/studio/7.0/toolchain/arm/arm-gnu-toolchain/bin/../lib/gcc/arm-none-eabi/5.3.1/../../../../arm-none-eabi/lib/armv7e-m\libc.a(lib_a-setvbuf.o)
                              c:/program files (x86)/atmel/studio/7.0/toolchain/arm/arm-gnu-toolchain/bin/../lib/gcc/arm-none-eabi/5.3.1/../../../../arm-none-eabi/lib/armv7e-m\libc.a(lib_a-setbuf.o) (setvbuf)
c:/program files (x86)/atmel/studio/7.0/toolchain/arm/arm-gnu-toolchain/bin/../lib/gcc/arm-none-eabi/5.3.1/../../../../arm-none-eabi/lib/armv7e-m\libc.a(lib_a-vfiprintf.o)
                              c:/program files (x86)/atmel/studio/7.0/toolchain/arm/arm-gnu-toolchain/bin/../lib/gcc/arm-none-eabi/5.3.1/../../../../arm-none-eabi/lib/armv7e-m\libc.a(lib_a-iprintf.o) (_vfiprintf_r)
c:/program files (x86)/atmel/studio/7.0/toolchain/arm/arm-gnu-toolchain/bin/../lib/gcc/arm-none-eabi/5.3.1/../../../../arm-none-eabi/lib/armv7e-m\libc.a(lib_a-wsetup.o)
                              c:/program files (x86)/atmel/studio/7.0/toolchain/arm/arm-gnu-toolchain/bin/../lib/gcc/arm-none-eabi/5.3.1/../../../../arm-none-eabi/lib/armv7e-m\libc.a(lib_a-vfiprintf.o) (__swsetup_r)
c:/program files (x86)/atmel/studio/7.0/toolchain/arm/arm-gnu-toolchain/bin/../lib/gcc/arm-none-eabi/5.3.1/../../../../arm-none-eabi/lib/armv7e-m\libc.a(lib_a-__call_atexit.o)
                              c:/program files (x86)/atmel/studio/7.0/toolchain/arm/arm-gnu-toolchain/bin/../lib/gcc/arm-none-eabi/5.3.1/../../../../arm-none-eabi/lib/armv7e-m\libc.a(lib_a-exit.o) (__call_exitprocs)
c:/program files (x86)/atmel/studio/7.0/toolchain/arm/arm-gnu-toolchain/bin/../lib/gcc/arm-none-eabi/5.3.1/../../../../arm-none-eabi/lib/armv7e-m\libc.a(lib_a-atexit.o)
                              c:/program files (x86)/atmel/studio/7.0/toolchain/arm/arm-gnu-toolchain/bin/../lib/gcc/arm-none-eabi/5.3.1/../../../../arm-none-eabi/lib/armv7e-m\libc.a(lib_a-__call_atexit.o) (atexit)
c:/program files (x86)/atmel/studio/7.0/toolchain/arm/arm-gnu-toolchain/bin/../lib/gcc/arm-none-eabi/5.3.1/../../../../arm-none-eabi/lib/armv7e-m\libc.a(lib_a-fflush.o)
[...]
Memory Configuration

Name             Origin             Length             Attributes
rom              0x00000000         0x00040000         xr
ram              0x20000000         0x00008000         xrw
*default*        0x00000000         0xffffffff

Linker script and memory map

LOAD c:/program files (x86)/atmel/studio/7.0/toolchain/arm/arm-gnu-toolchain/bin/../lib/gcc/arm-none-eabi/5.3.1/armv7e-m/crti.o
LOAD c:/program files (x86)/atmel/studio/7.0/toolchain/arm/arm-gnu-toolchain/bin/../lib/gcc/arm-none-eabi/5.3.1/armv7e-m/crtbegin.o
LOAD c:/program files (x86)/atmel/studio/7.0/toolchain/arm/arm-gnu-toolchain/bin/../lib/gcc/arm-none-eabi/5.3.1/../../../../arm-none-eabi/lib/armv7e-m/crt0.o
LOAD src/ASF/common/services/delay/sam/cycle_counter.o
LOAD src/ASF/common/utils/stdio/read.o
LOAD src/ASF/sam/drivers/usart/usart.o
LOAD src/ASF/common/utils/stdio/write.o
LOAD src/ASF/common/services/serial/usart_serial.o
LOAD src/ASF/sam/drivers/gpio/gpio.o
LOAD src/ASF/common/services/clock/sam4l/dfll.o
LOAD src/ASF/common/services/clock/sam4l/osc.o
LOAD src/ASF/common/services/clock/sam4l/pll.o
LOAD src/ASF/common/services/clock/sam4l/sysclk.o
LOAD src/ASF/common/utils/interrupt/interrupt_sam_nvic.o
LOAD src/ASF/sam/boards/sam4l8_xplained_pro/init.o
LOAD src/ASF/sam/drivers/bpm/bpm.o
LOAD src/ASF/sam/drivers/flashcalw/flashcalw.o
LOAD src/ASF/sam/drivers/wdt/wdt_sam4l.o
LOAD src/ASF/sam/utils/cmsis/sam4l/source/templates/exceptions.o
LOAD src/ASF/sam/utils/cmsis/sam4l/source/templates/gcc/startup_sam4l.o
LOAD src/ASF/sam/utils/cmsis/sam4l/source/templates/system_sam4l.o
LOAD src/ASF/sam/utils/syscalls/gcc/syscalls.o
LOAD src/main.o
START GROUP
LOAD ../src/ASF/thirdparty/CMSIS/Lib/GCC\libarm_cortexM4l_math.a
LOAD c:/program files (x86)/atmel/studio/7.0/toolchain/arm/arm-gnu-toolchain/bin/../lib/gcc/arm-none-eabi/5.3.1/../../../../arm-none-eabi/lib/armv7e-m\libm.a
END GROUP
START GROUP
LOAD c:/program files (x86)/atmel/studio/7.0/toolchain/arm/arm-gnu-toolchain/bin/../lib/gcc/arm-none-eabi/5.3.1/armv7e-m\libgcc.a
LOAD c:/program files (x86)/atmel/studio/7.0/toolchain/arm/arm-gnu-toolchain/bin/../lib/gcc/arm-none-eabi/5.3.1/../../../../arm-none-eabi/lib/armv7e-m\libc.a
END GROUP
LOAD c:/program files (x86)/atmel/studio/7.0/toolchain/arm/arm-gnu-toolchain/bin/../lib/gcc/arm-none-eabi/5.3.1/armv7e-m/crtend.o
LOAD c:/program files (x86)/atmel/studio/7.0/toolchain/arm/arm-gnu-toolchain/bin/../lib/gcc/arm-none-eabi/5.3.1/armv7e-m/crtn.o
                0x00001000                __stack_size__ = DEFINED (__stack_size__)?__stack_size__:0x1000
                0x20007ffc                __ram_end__ = ((ORIGIN (ram) + LENGTH (ram)) - 0x4)

.text           0x00000000     0x49f4
                0x00000000                . = ALIGN (0x4)
                0x00000000                _sfixed = .
 *(.vectors .vectors.*)
 .vectors       0x00000000      0x180 src/ASF/sam/utils/cmsis/sam4l/source/templates/gcc/startup_sam4l.o
                0x00000000                exception_table
 *(.text .text.* .gnu.linkonce.t.*)
 .text          0x00000180       0x5c c:/program files (x86)/atmel/studio/7.0/toolchain/arm/arm-gnu-toolchain/bin/../lib/gcc/arm-none-eabi/5.3.1/armv7e-m/crtbegin.o
 .text._read    0x000001dc       0x3c src/ASF/common/utils/stdio/read.o
                0x000001dc                _read
 .text.usart_set_async_baudrate
                0x00000218       0x60 src/ASF/sam/drivers/usart/usart.o
                0x00000218                usart_set_async_baudrate
 .text.usart_reset
                0x00000278       0x30 src/ASF/sam/drivers/usart/usart.o
                0x00000278                usart_reset
 .text.usart_init_rs232
                0x000002a8       0x54 src/ASF/sam/drivers/usart/usart.o
                0x000002a8                usart_init_rs232
 .text.usart_enable_tx
                0x000002fc        0x8 src/ASF/sam/drivers/usart/usart.o
                0x000002fc                usart_enable_tx
 .text.usart_enable_rx
                0x00000304        0x8 src/ASF/sam/drivers/usart/usart.o
                0x00000304                usart_enable_rx
 .text.usart_write
                0x0000030c       0x14 src/ASF/sam/drivers/usart/usart.o
                0x0000030c                usart_write
 .text.usart_read
                0x00000320       0x18 src/ASF/sam/drivers/usart/usart.o
                0x00000320                usart_read
 .text._write   0x00000338       0x50 src/ASF/common/utils/stdio/write.o
                0x00000338                _write
 .text.gpio_common_handler
                0x00000388       0x70 src/ASF/sam/drivers/gpio/gpio.o
 .text.gpio_set_pin_callback
                0x000003f8       0xac src/ASF/sam/drivers/gpio/gpio.o
                0x000003f8                gpio_set_pin_callback
 .text.GPIO_0_Handler
                0x000004a4       0x10 src/ASF/sam/drivers/gpio/gpio.o
                0x000004a4                GPIO_0_Handler
 .text.GPIO_1_Handler
                0x000004b4       0x14 src/ASF/sam/drivers/gpio/gpio.o
                0x000004b4                GPIO_1_Handler
 .text.GPIO_2_Handler
                0x000004c8       0x14 src/ASF/sam/drivers/gpio/gpio.o
                0x000004c8                GPIO_2_Handler
 .text.GPIO_3_Handler
                0x000004dc       0x14 src/ASF/sam/drivers/gpio/gpio.o
                0x000004dc                GPIO_3_Handler
 .text.GPIO_4_Handler
                0x000004f0       0x10 src/ASF/sam/drivers/gpio/gpio.o
                0x000004f0                GPIO_4_Handler
 .text.GPIO_5_Handler
                0x00000500       0x14 src/ASF/sam/drivers/gpio/gpio.o
                0x00000500                GPIO_5_Handler
 .text.GPIO_6_Handler
                0x00000514       0x14 src/ASF/sam/drivers/gpio/gpio.o
                0x00000514                GPIO_6_Handler
 .text.GPIO_7_Handler
                0x00000528       0x14 src/ASF/sam/drivers/gpio/gpio.o
                0x00000528                GPIO_7_Handler
 .text.GPIO_8_Handler
                0x0000053c       0x10 src/ASF/sam/drivers/gpio/gpio.o
                0x0000053c                GPIO_8_Handler
 .text.GPIO_9_Handler
                0x0000054c       0x14 src/ASF/sam/drivers/gpio/gpio.o
                0x0000054c                GPIO_9_Handler
 .text.GPIO_10_Handler
                0x00000560       0x14 src/ASF/sam/drivers/gpio/gpio.o
                0x00000560                GPIO_10_Handler
 .text.GPIO_11_Handler
                0x00000574       0x14 src/ASF/sam/drivers/gpio/gpio.o
                0x00000574                GPIO_11_Handler
 .text.sysclk_priv_enable_module
                0x00000588       0x60 src/ASF/common/services/clock/sam4l/sysclk.o
                0x00000588                sysclk_priv_enable_module
 .text.sysclk_priv_disable_module
                0x000005e8       0x60 src/ASF/common/services/clock/sam4l/sysclk.o
                0x000005e8                sysclk_priv_disable_module
 .text.sysclk_enable_pba_module
                0x00000648       0x54 src/ASF/common/services/clock/sam4l/sysclk.o
                0x00000648                sysclk_enable_pba_module
 .text.sysclk_disable_pba_module
                0x0000069c       0x54 src/ASF/common/services/clock/sam4l/sysclk.o
                0x0000069c                sysclk_disable_pba_module
 .text.sysclk_enable_pbb_module
                0x000006f0       0x54 src/ASF/common/services/clock/sam4l/sysclk.o
                0x000006f0                sysclk_enable_pbb_module
 .text.sysclk_disable_pbb_module
                0x00000744       0x54 src/ASF/common/services/clock/sam4l/sysclk.o
                0x00000744                sysclk_disable_pbb_module
 .text.sysclk_get_peripheral_bus_hz
                0x00000798      0x1c4 src/ASF/common/services/clock/sam4l/sysclk.o
                0x00000798                sysclk_get_peripheral_bus_hz
 .text.sysclk_enable_peripheral_clock
                0x0000095c      0x400 src/ASF/common/services/clock/sam4l/sysclk.o
                0x0000095c                sysclk_enable_peripheral_clock
 .text.sysclk_disable_peripheral_clock
                0x00000d5c      0x3c0 src/ASF/common/services/clock/sam4l/sysclk.o
                0x00000d5c                sysclk_disable_peripheral_clock
 .text.sysclk_init
                0x0000111c       0x7c src/ASF/common/services/clock/sam4l/sysclk.o
                0x0000111c                sysclk_init
 .text.board_init
                0x00001198       0xa0 src/ASF/sam/boards/sam4l8_xplained_pro/init.o
                0x00001198                board_init
 .text.bpm_power_scaling_cpu_failsafe
                0x00001238       0x74 src/ASF/sam/drivers/bpm/bpm.o
                0x00001238                bpm_power_scaling_cpu_failsafe
 .text.bpm_get_status
                0x000012ac        0x4 src/ASF/sam/drivers/bpm/bpm.o
                0x000012ac                bpm_get_status
 .text.wdt_set_ctrl
                0x000012b0       0x38 src/ASF/sam/drivers/wdt/wdt_sam4l.o
 .text.wdt_get_config_defaults
                0x000012e8       0x18 src/ASF/sam/drivers/wdt/wdt_sam4l.o
                0x000012e8                wdt_get_config_defaults
 .text.wdt_init
                0x00001300       0xb0 src/ASF/sam/drivers/wdt/wdt_sam4l.o
                0x00001300                wdt_init
 .text.wdt_disable
                0x000013b0       0x28 src/ASF/sam/drivers/wdt/wdt_sam4l.o
                0x000013b0                wdt_disable
 .text.Dummy_Handler
                0x000013d8        0x4 src/ASF/sam/utils/cmsis/sam4l/source/templates/exceptions.o
                0x000013d8                EIC_5_Handler
                0x000013d8                DACC_Handler
                0x000013d8                DebugMon_Handler
                0x000013d8                TRNG_Handler
                0x000013d8                HardFault_Handler
                0x000013d8                SPI_Handler
                0x000013d8                EIC_4_Handler
                0x000013d8                SysTick_Handler
                0x000013d8                PDCA_10_Handler
                0x000013d8                USART3_Handler
                0x000013d8                AST_PER_Handler
                0x000013d8                AST_CLKREADY_Handler
                0x000013d8                AST_OVF_Handler
                0x000013d8                PDCA_5_Handler
                0x000013d8                PendSV_Handler
                0x000013d8                NMI_Handler
                0x000013d8                SCIF_Handler
                0x000013d8                PDCA_15_Handler
                0x000013d8                CRCCU_Handler
                0x000013d8                USART0_Handler
                0x000013d8                EIC_3_Handler
                0x000013d8                TWIM3_Handler
                0x000013d8                UsageFault_Handler
                0x000013d8                PDCA_0_Handler
                0x000013d8                TC12_Handler
                0x000013d8                PDCA_14_Handler
                0x000013d8                BPM_Handler
                0x000013d8                PARC_Handler
                0x000013d8                WDT_Handler
                0x000013d8                EIC_8_Handler
                0x000013d8                TWIS0_Handler
                0x000013d8                PDCA_8_Handler
                0x000013d8                TWIS1_Handler
                0x000013d8                TWIM2_Handler
                0x000013d8                AESA_Handler
                0x000013d8                PDCA_13_Handler
                0x000013d8                Dummy_Handler
                0x000013d8                PDCA_3_Handler
                0x000013d8                ABDACB_Handler
                0x000013d8                CATB_Handler
                0x000013d8                LCDCA_Handler
                0x000013d8                USART1_Handler
                0x000013d8                AST_READY_Handler
                0x000013d8                PDCA_2_Handler
                0x000013d8                AST_ALARM_Handler
                0x000013d8                TWIM0_Handler
                0x000013d8                PM_Handler
                0x000013d8                TC11_Handler
                0x000013d8                PDCA_1_Handler
                0x000013d8                PDCA_11_Handler
                0x000013d8                ACIFC_Handler
                0x000013d8                TC00_Handler
                0x000013d8                TC02_Handler
                0x000013d8                PDCA_6_Handler
                0x000013d8                MemManage_Handler
                0x000013d8                SVC_Handler
                0x000013d8                PDCA_12_Handler
                0x000013d8                PDCA_9_Handler
                0x000013d8                ADCIFE_Handler
                0x000013d8                EIC_2_Handler
                0x000013d8                PDCA_7_Handler
                0x000013d8                PEVC_TR_Handler
                0x000013d8                USART2_Handler
                0x000013d8                EIC_6_Handler
                0x000013d8                TC10_Handler
                0x000013d8                TWIM1_Handler
                0x000013d8                EIC_1_Handler
                0x000013d8                EIC_7_Handler
                0x000013d8                HFLASHC_Handler
                0x000013d8                TC01_Handler
                0x000013d8                BSCIF_Handler
                0x000013d8                USBC_Handler
                0x000013d8                IISC_Handler
                0x000013d8                BusFault_Handler
                0x000013d8                FREQM_Handler
                0x000013d8                PDCA_4_Handler
                0x000013d8                PEVC_OV_Handler
 .text.Reset_Handler
                0x000013dc       0x98 src/ASF/sam/utils/cmsis/sam4l/source/templates/gcc/startup_sam4l.o
                0x000013dc                Reset_Handler
 .text._sbrk    0x00001474       0x34 src/ASF/sam/utils/syscalls/gcc/syscalls.o
                0x00001474                _sbrk
 .text._close   0x000014a8        0x8 src/ASF/sam/utils/syscalls/gcc/syscalls.o
                0x000014a8                _close
 .text._fstat   0x000014b0        0xc src/ASF/sam/utils/syscalls/gcc/syscalls.o
                0x000014b0                _fstat
 .text._isatty  0x000014bc        0x4 src/ASF/sam/utils/syscalls/gcc/syscalls.o
                0x000014bc                _isatty
 .text._lseek   0x000014c0        0x4 src/ASF/sam/utils/syscalls/gcc/syscalls.o
                0x000014c0                _lseek
 .text.buttonHandler_SW0
                0x000014c4       0x14 src/main.o
                0x000014c4                buttonHandler_SW0
 .text.buttonHandler_EXT9
                0x000014d8       0x14 src/main.o
                0x000014d8                buttonHandler_EXT9
 .text.buttonHandler_EXT3
                0x000014ec       0x14 src/main.o
                0x000014ec                buttonHandler_EXT3
 .text.buttonHandler_EXT4
                0x00001500       0x14 src/main.o
                0x00001500                buttonHandler_EXT4
 .text.usart_serial_putchar
                0x00001514       0x7c src/main.o
 .text.setupLED
                0x00001590       0x20 src/main.o
                0x00001590                setupLED
 .text.setupButton
                0x000015b0       0xa8 src/main.o
                0x000015b0                setupButton
 .text.lightLED
                0x00001658       0x44 src/main.o
                0x00001658                lightLED
 .text.handleInput
                0x0000169c       0x34 src/main.o
                0x0000169c                handleInput
 .text.sendChar
                0x000016d0       0xb0 src/main.o
                0x000016d0                sendChar
 .text.main     0x00001780      0x110 src/main.o
                0x00001780                main
 .text          0x00001890       0x30 c:/program files (x86)/atmel/studio/7.0/toolchain/arm/arm-gnu-toolchain/bin/../lib/gcc/arm-none-eabi/5.3.1/armv7e-m\libgcc.a(_aeabi_uldivmod.o)
                0x00001890                __aeabi_uldivmod
 .text          0x000018c0      0x2e4 c:/program files (x86)/atmel/studio/7.0/toolchain/arm/arm-gnu-toolchain/bin/../lib/gcc/arm-none-eabi/5.3.1/armv7e-m\libgcc.a(_udivmoddi4.o)
                0x000018c0                __udivmoddi4
 .text          0x00001ba4        0x4 c:/program files (x86)/atmel/studio/7.0/toolchain/arm/arm-gnu-toolchain/bin/../lib/gcc/arm-none-eabi/5.3.1/armv7e-m\libgcc.a(_dvmd_tls.o)
                0x00001ba4                __aeabi_idiv0
                0x00001ba4                __aeabi_ldiv0
 .text.__libc_init_array
                0x00001ba8       0x50 c:/program files (x86)/atmel/studio/7.0/toolchain/arm/arm-gnu-toolchain/bin/../lib/gcc/arm-none-eabi/5.3.1/../../../../arm-none-eabi/lib/armv7e-m\libc.a(lib_a-init.o)
                0x00001ba8                __libc_init_array
 .text.iprintf  0x00001bf8       0x28 c:/program files (x86)/atmel/studio/7.0/toolchain/arm/arm-gnu-toolchain/bin/../lib/gcc/arm-none-eabi/5.3.1/../../../../arm-none-eabi/lib/armv7e-m\libc.a(lib_a-iprintf.o)
                0x00001bf8                iprintf
 .text.memset   0x00001c20       0x9c c:/program files (x86)/atmel/studio/7.0/toolchain/arm/arm-gnu-toolchain/bin/../lib/gcc/arm-none-eabi/5.3.1/../../../../arm-none-eabi/lib/armv7e-m\libc.a(lib_a-memset.o)
                0x00001c20                memset
 .text.setbuf   0x00001cbc       0x10 c:/program files (x86)/atmel/studio/7.0/toolchain/arm/arm-gnu-toolchain/bin/../lib/gcc/arm-none-eabi/5.3.1/../../../../arm-none-eabi/lib/armv7e-m\libc.a(lib_a-setbuf.o)
                0x00001cbc                setbuf
 .text.setvbuf  0x00001ccc      0x150 c:/program files (x86)/atmel/studio/7.0/toolchain/arm/arm-gnu-toolchain/bin/../lib/gcc/arm-none-eabi/5.3.1/../../../../arm-none-eabi/lib/armv7e-m\libc.a(lib_a-setvbuf.o)
                0x00001ccc                setvbuf
 .text.__sprint_r.part.0
                0x00001e1c       0x78 c:/program files (x86)/atmel/studio/7.0/toolchain/arm/arm-gnu-toolchain/bin/../lib/gcc/arm-none-eabi/5.3.1/../../../../arm-none-eabi/lib/armv7e-m\libc.a(lib_a-vfiprintf.o)
 .text._vfiprintf_r
                0x00001e94      0xdfc c:/program files (x86)/atmel/studio/7.0/toolchain/arm/arm-gnu-toolchain/bin/../lib/gcc/arm-none-eabi/5.3.1/../../../../arm-none-eabi/lib/armv7e-m\libc.a(lib_a-vfiprintf.o)
                0x00001e94                _vfiprintf_r
 .text.__sbprintf
                0x00002c90       0x6c c:/program files (x86)/atmel/studio/7.0/toolchain/arm/arm-gnu-toolchain/bin/../lib/gcc/arm-none-eabi/5.3.1/../../../../arm-none-eabi/lib/armv7e-m\libc.a(lib_a-vfiprintf.o)
 .text.__swsetup_r
                0x00002cfc       0xc8 c:/program files (x86)/atmel/studio/7.0/toolchain/arm/arm-gnu-toolchain/bin/../lib/gcc/arm-none-eabi/5.3.1/../../../../arm-none-eabi/lib/armv7e-m\libc.a(lib_a-wsetup.o)
                0x00002cfc                __swsetup_r
 .text.startup.register_fini
                0x00002dc4       0x14 c:/program files (x86)/atmel/studio/7.0/toolchain/arm/arm-gnu-toolchain/bin/../lib/gcc/arm-none-eabi/5.3.1/../../../../arm-none-eabi/lib/armv7e-m\libc.a(lib_a-__call_atexit.o)
 .text.atexit   0x00002dd8        0xc c:/program files (x86)/atmel/studio/7.0/toolchain/arm/arm-gnu-toolchain/bin/../lib/gcc/arm-none-eabi/5.3.1/../../../../arm-none-eabi/lib/armv7e-m\libc.a(lib_a-atexit.o)
                0x00002dd8                atexit
 .text.__sflush_r
                0x00002de4      0x148 c:/program files (x86)/atmel/studio/7.0/toolchain/arm/arm-gnu-toolchain/bin/../lib/gcc/arm-none-eabi/5.3.1/../../../../arm-none-eabi/lib/armv7e-m\libc.a(lib_a-fflush.o)
                0x00002de4                __sflush_r
 .text._fflush_r
                0x00002f2c       0x2c c:/program files (x86)/atmel/studio/7.0/toolchain/arm/arm-gnu-toolchain/bin/../lib/gcc/arm-none-eabi/5.3.1/../../../../arm-none-eabi/lib/armv7e-m\libc.a(lib_a-fflush.o)
                0x00002f2c                _fflush_r
 .text._cleanup_r
                0x00002f58        0xc c:/program files (x86)/atmel/studio/7.0/toolchain/arm/arm-gnu-toolchain/bin/../lib/gcc/arm-none-eabi/5.3.1/../../../../arm-none-eabi/lib/armv7e-m\libc.a(lib_a-findfp.o)
                0x00002f58                _cleanup_r
 .text.__sinit.part.1
                0x00002f64       0xf0 c:/program files (x86)/atmel/studio/7.0/toolchain/arm/arm-gnu-toolchain/bin/../lib/gcc/arm-none-eabi/5.3.1/../../../../arm-none-eabi/lib/armv7e-m\libc.a(lib_a-findfp.o)
 .text.__sinit  0x00003054        0xc c:/program files (x86)/atmel/studio/7.0/toolchain/arm/arm-gnu-toolchain/bin/../lib/gcc/arm-none-eabi/5.3.1/../../../../arm-none-eabi/lib/armv7e-m\libc.a(lib_a-findfp.o)
                0x00003054                __sinit
 .text.__sfp_lock_acquire
                0x00003060        0x4 c:/program files (x86)/atmel/studio/7.0/toolchain/arm/arm-gnu-toolchain/bin/../lib/gcc/arm-none-eabi/5.3.1/../../../../arm-none-eabi/lib/armv7e-m\libc.a(lib_a-findfp.o)
                0x00003060                __sfp_lock_acquire
 .text.__sfp_lock_release
                0x00003064        0x4 c:/program files (x86)/atmel/studio/7.0/toolchain/arm/arm-gnu-toolchain/bin/../lib/gcc/arm-none-eabi/5.3.1/../../../../arm-none-eabi/lib/armv7e-m\libc.a(lib_a-findfp.o)
                0x00003064                __sfp_lock_release
 .text.__libc_fini_array
                0x00003068       0x28 c:/program files (x86)/atmel/studio/7.0/toolchain/arm/arm-gnu-toolchain/bin/../lib/gcc/arm-none-eabi/5.3.1/../../../../arm-none-eabi/lib/armv7e-m\libc.a(lib_a-fini.o)
                0x00003068                __libc_fini_array
 .text.__fputwc
                0x00003090       0x98 c:/program files (x86)/atmel/studio/7.0/toolchain/arm/arm-gnu-toolchain/bin/../lib/gcc/arm-none-eabi/5.3.1/../../../../arm-none-eabi/lib/armv7e-m\libc.a(lib_a-fputwc.o)
                0x00003090                __fputwc
 .text._fputwc_r
                0x00003128       0x24 c:/program files (x86)/atmel/studio/7.0/toolchain/arm/arm-gnu-toolchain/bin/../lib/gcc/arm-none-eabi/5.3.1/../../../../arm-none-eabi/lib/armv7e-m\libc.a(lib_a-fputwc.o)
                0x00003128                _fputwc_r
 .text._malloc_trim_r
                0x0000314c       0x9c c:/program files (x86)/atmel/studio/7.0/toolchain/arm/arm-gnu-toolchain/bin/../lib/gcc/arm-none-eabi/5.3.1/../../../../arm-none-eabi/lib/armv7e-m\libc.a(lib_a-freer.o)
                0x0000314c                _malloc_trim_r
 .text._free_r  0x000031e8      0x1d0 c:/program files (x86)/atmel/studio/7.0/toolchain/arm/arm-gnu-toolchain/bin/../lib/gcc/arm-none-eabi/5.3.1/../../../../arm-none-eabi/lib/armv7e-m\libc.a(lib_a-freer.o)
                0x000031e8                _free_r
 .text.__sfvwrite_r
                0x000033b8      0x304 c:/program files (x86)/atmel/studio/7.0/toolchain/arm/arm-gnu-toolchain/bin/../lib/gcc/arm-none-eabi/5.3.1/../../../../arm-none-eabi/lib/armv7e-m\libc.a(lib_a-fvwrite.o)
                0x000033b8                __sfvwrite_r
 .text._fwalk_reent
                0x000036bc       0x54 c:/program files (x86)/atmel/studio/7.0/toolchain/arm/arm-gnu-toolchain/bin/../lib/gcc/arm-none-eabi/5.3.1/../../../../arm-none-eabi/lib/armv7e-m\libc.a(lib_a-fwalk.o)
                0x000036bc                _fwalk_reent
 .text.__locale_charset
                0x00003710        0x8 c:/program files (x86)/atmel/studio/7.0/toolchain/arm/arm-gnu-toolchain/bin/../lib/gcc/arm-none-eabi/5.3.1/../../../../arm-none-eabi/lib/armv7e-m\libc.a(lib_a-locale.o)
                0x00003710                __locale_charset
 .text.__locale_mb_cur_max
                0x00003718        0xc c:/program files (x86)/atmel/studio/7.0/toolchain/arm/arm-gnu-toolchain/bin/../lib/gcc/arm-none-eabi/5.3.1/../../../../arm-none-eabi/lib/armv7e-m\libc.a(lib_a-locale.o)
                0x00003718                __locale_mb_cur_max
 .text.__swhatbuf_r
                0x00003724       0x60 c:/program files (x86)/atmel/studio/7.0/toolchain/arm/arm-gnu-toolchain/bin/../lib/gcc/arm-none-eabi/5.3.1/../../../../arm-none-eabi/lib/armv7e-m\libc.a(lib_a-makebuf.o)
                0x00003724                __swhatbuf_r
 .text.__smakebuf_r
                0x00003784       0x88 c:/program files (x86)/atmel/studio/7.0/toolchain/arm/arm-gnu-toolchain/bin/../lib/gcc/arm-none-eabi/5.3.1/../../../../arm-none-eabi/lib/armv7e-m\libc.a(lib_a-makebuf.o)
                0x00003784                __smakebuf_r
 .text.malloc   0x0000380c       0x10 c:/program files (x86)/atmel/studio/7.0/toolchain/arm/arm-gnu-toolchain/bin/../lib/gcc/arm-none-eabi/5.3.1/../../../../arm-none-eabi/lib/armv7e-m\libc.a(lib_a-malloc.o)
                0x0000380c                malloc
 .text._malloc_r
                0x0000381c      0x570 c:/program files (x86)/atmel/studio/7.0/toolchain/arm/arm-gnu-toolchain/bin/../lib/gcc/arm-none-eabi/5.3.1/../../../../arm-none-eabi/lib/armv7e-m\libc.a(lib_a-mallocr.o)
                0x0000381c                _malloc_r
 *fill*         0x00003d8c        0x4 
 .text          0x00003d90       0xa0 c:/program files (x86)/atmel/studio/7.0/toolchain/arm/arm-gnu-toolchain/bin/../lib/gcc/arm-none-eabi/5.3.1/../../../../arm-none-eabi/lib/armv7e-m\libc.a(lib_a-memchr.o)
                0x00003d90                memchr
 .text          0x00003e30      0x134 c:/program files (x86)/atmel/studio/7.0/toolchain/arm/arm-gnu-toolchain/bin/../lib/gcc/arm-none-eabi/5.3.1/../../../../arm-none-eabi/lib/armv7e-m\libc.a(lib_a-memcpy.o)
                0x00003e30                memcpy
 .text.memmove  0x00003f64       0xc8 c:/program files (x86)/atmel/studio/7.0/toolchain/arm/arm-gnu-toolchain/bin/../lib/gcc/arm-none-eabi/5.3.1/../../../../arm-none-eabi/lib/armv7e-m\libc.a(lib_a-memmove.o)
                0x00003f64                memmove
 .text.__malloc_lock
                0x0000402c        0x4 c:/program files (x86)/atmel/studio/7.0/toolchain/arm/arm-gnu-toolchain/bin/../lib/gcc/arm-none-eabi/5.3.1/../../../../arm-none-eabi/lib/armv7e-m\libc.a(lib_a-mlock.o)
                0x0000402c                __malloc_lock
 .text.__malloc_unlock
                0x00004030        0x4 c:/program files (x86)/atmel/studio/7.0/toolchain/arm/arm-gnu-toolchain/bin/../lib/gcc/arm-none-eabi/5.3.1/../../../../arm-none-eabi/lib/armv7e-m\libc.a(lib_a-mlock.o)
                0x00004030                __malloc_unlock
 .text._realloc_r
                0x00004034      0x3e0 c:/program files (x86)/atmel/studio/7.0/toolchain/arm/arm-gnu-toolchain/bin/../lib/gcc/arm-none-eabi/5.3.1/../../../../arm-none-eabi/lib/armv7e-m\libc.a(lib_a-reallocr.o)
                0x00004034                _realloc_r
 .text._sbrk_r  0x00004414       0x24 c:/program files (x86)/atmel/studio/7.0/toolchain/arm/arm-gnu-toolchain/bin/../lib/gcc/arm-none-eabi/5.3.1/../../../../arm-none-eabi/lib/armv7e-m\libc.a(lib_a-sbrkr.o)
                0x00004414                _sbrk_r
 .text.__sread  0x00004438       0x24 c:/program files (x86)/atmel/studio/7.0/toolchain/arm/arm-gnu-toolchain/bin/../lib/gcc/arm-none-eabi/5.3.1/../../../../arm-none-eabi/lib/armv7e-m\libc.a(lib_a-stdio.o)
                0x00004438                __sread
 .text.__swrite
                0x0000445c       0x3c c:/program files (x86)/atmel/studio/7.0/toolchain/arm/arm-gnu-toolchain/bin/../lib/gcc/arm-none-eabi/5.3.1/../../../../arm-none-eabi/lib/armv7e-m\libc.a(lib_a-stdio.o)
                0x0000445c                __swrite
 .text.__sseek  0x00004498       0x20 c:/program files (x86)/atmel/studio/7.0/toolchain/arm/arm-gnu-toolchain/bin/../lib/gcc/arm-none-eabi/5.3.1/../../../../arm-none-eabi/lib/armv7e-m\libc.a(lib_a-stdio.o)
                0x00004498                __sseek
 .text.__sclose
                0x000044b8        0x8 c:/program files (x86)/atmel/studio/7.0/toolchain/arm/arm-gnu-toolchain/bin/../lib/gcc/arm-none-eabi/5.3.1/../../../../arm-none-eabi/lib/armv7e-m\libc.a(lib_a-stdio.o)
                0x000044b8                __sclose
 .text          0x000044c0       0xdc c:/program files (x86)/atmel/studio/7.0/toolchain/arm/arm-gnu-toolchain/bin/../lib/gcc/arm-none-eabi/5.3.1/../../../../arm-none-eabi/lib/armv7e-m\libc.a(lib_a-strlen.o)
                0x000044c0                strlen
 .text.__swbuf_r
                0x0000459c       0xac c:/program files (x86)/atmel/studio/7.0/toolchain/arm/arm-gnu-toolchain/bin/../lib/gcc/arm-none-eabi/5.3.1/../../../../arm-none-eabi/lib/armv7e-m\libc.a(lib_a-wbuf.o)
                0x0000459c                __swbuf_r
 .text._wcrtomb_r
                0x00004648       0x54 c:/program files (x86)/atmel/studio/7.0/toolchain/arm/arm-gnu-toolchain/bin/../lib/gcc/arm-none-eabi/5.3.1/../../../../arm-none-eabi/lib/armv7e-m\libc.a(lib_a-wcrtomb.o)
                0x00004648                _wcrtomb_r
 .text.__ascii_wctomb
                0x0000469c       0x1c c:/program files (x86)/atmel/studio/7.0/toolchain/arm/arm-gnu-toolchain/bin/../lib/gcc/arm-none-eabi/5.3.1/../../../../arm-none-eabi/lib/armv7e-m\libc.a(lib_a-wctomb_r.o)
                0x0000469c                __ascii_wctomb
 .text._write_r
                0x000046b8       0x2c c:/program files (x86)/atmel/studio/7.0/toolchain/arm/arm-gnu-toolchain/bin/../lib/gcc/arm-none-eabi/5.3.1/../../../../arm-none-eabi/lib/armv7e-m\libc.a(lib_a-writer.o)
                0x000046b8                _write_r
 .text.__register_exitproc
                0x000046e4       0xa4 c:/program files (x86)/atmel/studio/7.0/toolchain/arm/arm-gnu-toolchain/bin/../lib/gcc/arm-none-eabi/5.3.1/../../../../arm-none-eabi/lib/armv7e-m\libc.a(lib_a-__atexit.o)
                0x000046e4                __register_exitproc
 .text._close_r
                0x00004788       0x24 c:/program files (x86)/atmel/studio/7.0/toolchain/arm/arm-gnu-toolchain/bin/../lib/gcc/arm-none-eabi/5.3.1/../../../../arm-none-eabi/lib/armv7e-m\libc.a(lib_a-closer.o)
                0x00004788                _close_r
 .text._fclose_r
                0x000047ac       0x84 c:/program files (x86)/atmel/studio/7.0/toolchain/arm/arm-gnu-toolchain/bin/../lib/gcc/arm-none-eabi/5.3.1/../../../../arm-none-eabi/lib/armv7e-m\libc.a(lib_a-fclose.o)
                0x000047ac                _fclose_r
 .text._fstat_r
                0x00004830       0x28 c:/program files (x86)/atmel/studio/7.0/toolchain/arm/arm-gnu-toolchain/bin/../lib/gcc/arm-none-eabi/5.3.1/../../../../arm-none-eabi/lib/armv7e-m\libc.a(lib_a-fstatr.o)
                0x00004830                _fstat_r
 .text._isatty_r
                0x00004858       0x24 c:/program files (x86)/atmel/studio/7.0/toolchain/arm/arm-gnu-toolchain/bin/../lib/gcc/arm-none-eabi/5.3.1/../../../../arm-none-eabi/lib/armv7e-m\libc.a(lib_a-isattyr.o)
                0x00004858                _isatty_r
 .text._lseek_r
                0x0000487c       0x2c c:/program files (x86)/atmel/studio/7.0/toolchain/arm/arm-gnu-toolchain/bin/../lib/gcc/arm-none-eabi/5.3.1/../../../../arm-none-eabi/lib/armv7e-m\libc.a(lib_a-lseekr.o)
                0x0000487c                _lseek_r
 .text._read_r  0x000048a8       0x2c c:/program files (x86)/atmel/studio/7.0/toolchain/arm/arm-gnu-toolchain/bin/../lib/gcc/arm-none-eabi/5.3.1/../../../../arm-none-eabi/lib/armv7e-m\libc.a(lib_a-readr.o)
                0x000048a8                _read_r
 *(.glue_7t)
 .glue_7t       0x000048d4        0x0 linker stubs
 *(.glue_7)
 .glue_7        0x000048d4        0x0 linker stubs
 *(.rodata .rodata* .gnu.linkonce.r.*)
 .rodata.str1.4
                0x000048d4       0xa3 src/main.o
 *fill*         0x00004977        0x1 
 .rodata.str1.4
                0x00004978        0x2 c:/program files (x86)/atmel/studio/7.0/toolchain/arm/arm-gnu-toolchain/bin/../lib/gcc/arm-none-eabi/5.3.1/../../../../arm-none-eabi/lib/armv7e-m\libc.a(lib_a-impure.o)
 *fill*         0x0000497a        0x2 
 .rodata._global_impure_ptr
                0x0000497c        0x4 c:/program files (x86)/atmel/studio/7.0/toolchain/arm/arm-gnu-toolchain/bin/../lib/gcc/arm-none-eabi/5.3.1/../../../../arm-none-eabi/lib/armv7e-m\libc.a(lib_a-impure.o)
                0x0000497c                _global_impure_ptr
 .rodata.zeroes.6993
                0x00004980       0x10 c:/program files (x86)/atmel/studio/7.0/toolchain/arm/arm-gnu-toolchain/bin/../lib/gcc/arm-none-eabi/5.3.1/../../../../arm-none-eabi/lib/armv7e-m\libc.a(lib_a-vfiprintf.o)
 .rodata.str1.4
                0x00004990       0x30 c:/program files (x86)/atmel/studio/7.0/toolchain/arm/arm-gnu-toolchain/bin/../lib/gcc/arm-none-eabi/5.3.1/../../../../arm-none-eabi/lib/armv7e-m\libc.a(lib_a-vfiprintf.o)
                                 0x2f (size before relaxing)
 .rodata.blanks.6992
                0x000049c0       0x10 c:/program files (x86)/atmel/studio/7.0/toolchain/arm/arm-gnu-toolchain/bin/../lib/gcc/arm-none-eabi/5.3.1/../../../../arm-none-eabi/lib/armv7e-m\libc.a(lib_a-vfiprintf.o)
 *(.ARM.extab* .gnu.linkonce.armextab.*)
                0x000049d0                . = ALIGN (0x4)
 *(.init)
 .init          0x000049d0        0x4 c:/program files (x86)/atmel/studio/7.0/toolchain/arm/arm-gnu-toolchain/bin/../lib/gcc/arm-none-eabi/5.3.1/armv7e-m/crti.o
                0x000049d0                _init
 .init          0x000049d4        0x8 c:/program files (x86)/atmel/studio/7.0/toolchain/arm/arm-gnu-toolchain/bin/../lib/gcc/arm-none-eabi/5.3.1/armv7e-m/crtn.o
                0x000049dc                . = ALIGN (0x4)
                0x000049dc                __preinit_array_start = .
 *(.preinit_array)
                0x000049dc                __preinit_array_end = .
                0x000049dc                . = ALIGN (0x4)
                0x000049dc                __init_array_start = .
 *(SORT(.init_array.*))
 .init_array.00000
                0x000049dc        0x4 c:/program files (x86)/atmel/studio/7.0/toolchain/arm/arm-gnu-toolchain/bin/../lib/gcc/arm-none-eabi/5.3.1/../../../../arm-none-eabi/lib/armv7e-m\libc.a(lib_a-__call_atexit.o)
 *(.init_array)
 .init_array    0x000049e0        0x4 c:/program files (x86)/atmel/studio/7.0/toolchain/arm/arm-gnu-toolchain/bin/../lib/gcc/arm-none-eabi/5.3.1/armv7e-m/crtbegin.o
                0x000049e4                __init_array_end = .
                0x000049e4                . = ALIGN (0x4)
 *crtbegin.o(.ctors)
 *(EXCLUDE_FILE(*crtend.o) .ctors)
 *(SORT(.ctors.*))
 *crtend.o(.ctors)
                0x000049e4                . = ALIGN (0x4)
 *(.fini)
 .fini          0x000049e4        0x4 c:/program files (x86)/atmel/studio/7.0/toolchain/arm/arm-gnu-toolchain/bin/../lib/gcc/arm-none-eabi/5.3.1/armv7e-m/crti.o
                0x000049e4                _fini
 .fini          0x000049e8        0x8 c:/program files (x86)/atmel/studio/7.0/toolchain/arm/arm-gnu-toolchain/bin/../lib/gcc/arm-none-eabi/5.3.1/armv7e-m/crtn.o
                0x000049f0                . = ALIGN (0x4)
                0x000049f0                __fini_array_start = .
 *(.fini_array)
 .fini_array    0x000049f0        0x4 c:/program files (x86)/atmel/studio/7.0/toolchain/arm/arm-gnu-toolchain/bin/../lib/gcc/arm-none-eabi/5.3.1/armv7e-m/crtbegin.o
 *(SORT(.fini_array.*))
                0x000049f4                __fini_array_end = .
 *crtbegin.o(.dtors)
 *(EXCLUDE_FILE(*crtend.o) .dtors)
 *(SORT(.dtors.*))
 *crtend.o(.dtors)
                0x000049f4                . = ALIGN (0x4)
                0x000049f4                _efixed = .
                [!provide]                PROVIDE (__exidx_start, .)

.vfp11_veneer   0x000049f4        0x0
 .vfp11_veneer  0x000049f4        0x0 linker stubs

.v4_bx          0x000049f4        0x0
 .v4_bx         0x000049f4        0x0 linker stubs

.iplt           0x000049f4        0x0
 .iplt          0x000049f4        0x0 c:/program files (x86)/atmel/studio/7.0/toolchain/arm/arm-gnu-toolchain/bin/../lib/gcc/arm-none-eabi/5.3.1/armv7e-m/crtbegin.o

.ARM.exidx      0x000049f4        0x8
 *(.ARM.exidx* .gnu.linkonce.armexidx.*)
 .ARM.exidx     0x000049f4        0x8 c:/program files (x86)/atmel/studio/7.0/toolchain/arm/arm-gnu-toolchain/bin/../lib/gcc/arm-none-eabi/5.3.1/armv7e-m\libgcc.a(_udivmoddi4.o)
                [!provide]                PROVIDE (__exidx_end, .)

.eh_frame       0x000049fc        0x0
 .eh_frame      0x000049fc        0x0 c:/program files (x86)/atmel/studio/7.0/toolchain/arm/arm-gnu-toolchain/bin/../lib/gcc/arm-none-eabi/5.3.1/armv7e-m/crtbegin.o

.rel.dyn        0x000049fc        0x0
 .rel.iplt      0x000049fc        0x0 c:/program files (x86)/atmel/studio/7.0/toolchain/arm/arm-gnu-toolchain/bin/../lib/gcc/arm-none-eabi/5.3.1/armv7e-m/crtbegin.o

.jcr            0x000049fc        0x0
 .jcr           0x000049fc        0x0 c:/program files (x86)/atmel/studio/7.0/toolchain/arm/arm-gnu-toolchain/bin/../lib/gcc/arm-none-eabi/5.3.1/armv7e-m/crtbegin.o

.igot.plt       0x000049fc        0x0
 .igot.plt      0x000049fc        0x0 c:/program files (x86)/atmel/studio/7.0/toolchain/arm/arm-gnu-toolchain/bin/../lib/gcc/arm-none-eabi/5.3.1/armv7e-m/crtbegin.o
                0x000049fc                . = ALIGN (0x4)
                0x000049fc                _etext = .

.relocate       0x20000000      0x8a4 load address 0x000049fc
                0x20000000                . = ALIGN (0x4)
                0x20000000                _srelocate = .
 *(.ramfunc .ramfunc.*)
 .ramfunc       0x20000000        0xc src/ASF/common/services/delay/sam/cycle_counter.o
                0x20000000                portable_delay_cycles
 .ramfunc       0x2000000c       0x2c src/ASF/sam/drivers/bpm/bpm.o
                0x2000000c                bpm_ps_no_halt_exec
 *(.data .data.*)
 .data.g_interrupt_enabled
                0x20000038        0x1 src/ASF/common/utils/interrupt/interrupt_sam_nvic.o
                0x20000038                g_interrupt_enabled
 *fill*         0x20000039        0x7 
 .data.impure_data
                0x20000040      0x428 c:/program files (x86)/atmel/studio/7.0/toolchain/arm/arm-gnu-toolchain/bin/../lib/gcc/arm-none-eabi/5.3.1/../../../../arm-none-eabi/lib/armv7e-m\libc.a(lib_a-impure.o)
 .data._impure_ptr
                0x20000468        0x4 c:/program files (x86)/atmel/studio/7.0/toolchain/arm/arm-gnu-toolchain/bin/../lib/gcc/arm-none-eabi/5.3.1/../../../../arm-none-eabi/lib/armv7e-m\libc.a(lib_a-impure.o)
                0x20000468                _impure_ptr
 .data.lc_ctype_charset
                0x2000046c       0x20 c:/program files (x86)/atmel/studio/7.0/toolchain/arm/arm-gnu-toolchain/bin/../lib/gcc/arm-none-eabi/5.3.1/../../../../arm-none-eabi/lib/armv7e-m\libc.a(lib_a-locale.o)
 .data.__mb_cur_max
                0x2000048c        0x4 c:/program files (x86)/atmel/studio/7.0/toolchain/arm/arm-gnu-toolchain/bin/../lib/gcc/arm-none-eabi/5.3.1/../../../../arm-none-eabi/lib/armv7e-m\libc.a(lib_a-locale.o)
                0x2000048c                __mb_cur_max
 .data.__malloc_av_
                0x20000490      0x408 c:/program files (x86)/atmel/studio/7.0/toolchain/arm/arm-gnu-toolchain/bin/../lib/gcc/arm-none-eabi/5.3.1/../../../../arm-none-eabi/lib/armv7e-m\libc.a(lib_a-mallocr.o)
                0x20000490                __malloc_av_
 .data.__malloc_trim_threshold
                0x20000898        0x4 c:/program files (x86)/atmel/studio/7.0/toolchain/arm/arm-gnu-toolchain/bin/../lib/gcc/arm-none-eabi/5.3.1/../../../../arm-none-eabi/lib/armv7e-m\libc.a(lib_a-mallocr.o)
                0x20000898                __malloc_trim_threshold
 .data.__malloc_sbrk_base
                0x2000089c        0x4 c:/program files (x86)/atmel/studio/7.0/toolchain/arm/arm-gnu-toolchain/bin/../lib/gcc/arm-none-eabi/5.3.1/../../../../arm-none-eabi/lib/armv7e-m\libc.a(lib_a-mallocr.o)
                0x2000089c                __malloc_sbrk_base
 .data.__wctomb
                0x200008a0        0x4 c:/program files (x86)/atmel/studio/7.0/toolchain/arm/arm-gnu-toolchain/bin/../lib/gcc/arm-none-eabi/5.3.1/../../../../arm-none-eabi/lib/armv7e-m\libc.a(lib_a-wctomb_r.o)
                0x200008a0                __wctomb
                0x200008a4                . = ALIGN (0x4)
                0x200008a4                _erelocate = .

.bss            0x200008a4       0x9c load address 0x000052a0
                0x200008a4                . = ALIGN (0x4)
                0x200008a4                _sbss = .
                0x200008a4                _szero = .
 *(.bss .bss.*)
 .bss           0x200008a4       0x1c c:/program files (x86)/atmel/studio/7.0/toolchain/arm/arm-gnu-toolchain/bin/../lib/gcc/arm-none-eabi/5.3.1/armv7e-m/crtbegin.o
 .bss.ul_reg_val.8102
                0x200008c0        0x4 src/ASF/sam/drivers/usart/usart.o
 .bss.gpio_nb_sources
                0x200008c4        0x4 src/ASF/sam/drivers/gpio/gpio.o
 .bss.gpio_int_sources
                0x200008c8       0x30 src/ASF/sam/drivers/gpio/gpio.o
 .bss.heap.5287
                0x200008f8        0x4 src/ASF/sam/utils/syscalls/gcc/syscalls.o
 .bss.__malloc_max_total_mem
                0x200008fc        0x4 c:/program files (x86)/atmel/studio/7.0/toolchain/arm/arm-gnu-toolchain/bin/../lib/gcc/arm-none-eabi/5.3.1/../../../../arm-none-eabi/lib/armv7e-m\libc.a(lib_a-mallocr.o)
                0x200008fc                __malloc_max_total_mem
 .bss.__malloc_max_sbrked_mem
                0x20000900        0x4 c:/program files (x86)/atmel/studio/7.0/toolchain/arm/arm-gnu-toolchain/bin/../lib/gcc/arm-none-eabi/5.3.1/../../../../arm-none-eabi/lib/armv7e-m\libc.a(lib_a-mallocr.o)
                0x20000900                __malloc_max_sbrked_mem
 .bss.__malloc_top_pad
                0x20000904        0x4 c:/program files (x86)/atmel/studio/7.0/toolchain/arm/arm-gnu-toolchain/bin/../lib/gcc/arm-none-eabi/5.3.1/../../../../arm-none-eabi/lib/armv7e-m\libc.a(lib_a-mallocr.o)
                0x20000904                __malloc_top_pad
 .bss.__malloc_current_mallinfo
                0x20000908       0x28 c:/program files (x86)/atmel/studio/7.0/toolchain/arm/arm-gnu-toolchain/bin/../lib/gcc/arm-none-eabi/5.3.1/../../../../arm-none-eabi/lib/armv7e-m\libc.a(lib_a-mallocr.o)
                0x20000908                __malloc_current_mallinfo
 *(COMMON)
 COMMON         0x20000930        0x4 src/ASF/common/utils/stdio/read.o
                0x20000930                ptr_get
 COMMON         0x20000934        0x8 src/ASF/common/utils/stdio/write.o
                0x20000934                ptr_put
                0x20000938                stdio_base
 COMMON         0x2000093c        0x4 c:/program files (x86)/atmel/studio/7.0/toolchain/arm/arm-gnu-toolchain/bin/../lib/gcc/arm-none-eabi/5.3.1/../../../../arm-none-eabi/lib/armv7e-m\libc.a(lib_a-reent.o)
                0x2000093c                errno
                0x20000940                . = ALIGN (0x4)
                0x20000940                _ebss = .
                0x20000940                _ezero = .

.stack          0x20000940     0x1000 load address 0x0000533c
                0x20000940                . = ALIGN (0x8)
                0x20000940                _sstack = .
                0x20001940                . = (. + __stack_size__)
 *fill*         0x20000940     0x1000 
                0x20001940                . = ALIGN (0x8)
                0x20001940                _estack = .
                0x20001940                . = ALIGN (0x4)
                0x20001940                _end = .
OUTPUT(EricBrahms_Assignment1.elf elf32-littlearm)

.ARM.attributes
                0x00000000       0x2a
 .ARM.attributes
                0x00000000       0x1e c:/program files (x86)/atmel/studio/7.0/toolchain/arm/arm-gnu-toolchain/bin/../lib/gcc/arm-none-eabi/5.3.1/armv7e-m/crti.o
 .ARM.attributes
                0x0000001e       0x2e c:/program files (x86)/atmel/studio/7.0/toolchain/arm/arm-gnu-toolchain/bin/../lib/gcc/arm-none-eabi/5.3.1/armv7e-m/crtbegin.o
 .ARM.attributes
                0x0000004c       0x33 src/ASF/common/services/delay/sam/cycle_counter.o
 .ARM.attributes
                0x0000007f       0x33 src/ASF/common/utils/stdio/read.o
 .ARM.attributes
                0x000000b2       0x33 src/ASF/sam/drivers/usart/usart.o
 .ARM.attributes
                0x000000e5       0x33 src/ASF/common/utils/stdio/write.o
 .ARM.attributes
                0x00000118       0x33 src/ASF/sam/drivers/gpio/gpio.o
 .ARM.attributes
                0x0000014b       0x33 src/ASF/common/services/clock/sam4l/sysclk.o
 .ARM.attributes
                0x0000017e       0x33 src/ASF/common/utils/interrupt/interrupt_sam_nvic.o
 .ARM.attributes
                0x000001b1       0x33 src/ASF/sam/boards/sam4l8_xplained_pro/init.o
 .ARM.attributes
                0x000001e4       0x33 src/ASF/sam/drivers/bpm/bpm.o
 .ARM.attributes
                0x00000217       0x33 src/ASF/sam/drivers/wdt/wdt_sam4l.o
 .ARM.attributes
                0x0000024a       0x33 src/ASF/sam/utils/cmsis/sam4l/source/templates/exceptions.o
 .ARM.attributes
                0x0000027d       0x33 src/ASF/sam/utils/cmsis/sam4l/source/templates/gcc/startup_sam4l.o
 .ARM.attributes
                0x000002b0       0x33 src/ASF/sam/utils/syscalls/gcc/syscalls.o
 .ARM.attributes
                0x000002e3       0x33 src/main.o
 .ARM.attributes
                0x00000316       0x1e c:/program files (x86)/atmel/studio/7.0/toolchain/arm/arm-gnu-toolchain/bin/../lib/gcc/arm-none-eabi/5.3.1/armv7e-m\libgcc.a(_aeabi_uldivmod.o)
 .ARM.attributes
                0x00000334       0x2e c:/program files (x86)/atmel/studio/7.0/toolchain/arm/arm-gnu-toolchain/bin/../lib/gcc/arm-none-eabi/5.3.1/armv7e-m\libgcc.a(_udivmoddi4.o)
 .ARM.attributes
                0x00000362       0x1e c:/program files (x86)/atmel/studio/7.0/toolchain/arm/arm-gnu-toolchain/bin/../lib/gcc/arm-none-eabi/5.3.1/armv7e-m\libgcc.a(_dvmd_tls.o)
 .ARM.attributes
                0x00000380       0x2e c:/program files (x86)/atmel/studio/7.0/toolchain/arm/arm-gnu-toolchain/bin/../lib/gcc/arm-none-eabi/5.3.1/../../../../arm-none-eabi/lib/armv7e-m\libc.a(lib_a-impure.o)
 .ARM.attributes
                0x000003ae       0x2e c:/program files (x86)/atmel/studio/7.0/toolchain/arm/arm-gnu-toolchain/bin/../lib/gcc/arm-none-eabi/5.3.1/../../../../arm-none-eabi/lib/armv7e-m\libc.a(lib_a-init.o)
 .ARM.attributes
                0x000003dc       0x2e c:/program files (x86)/atmel/studio/7.0/toolchain/arm/arm-gnu-toolchain/bin/../lib/gcc/arm-none-eabi/5.3.1/../../../../arm-none-eabi/lib/armv7e-m\libc.a(lib_a-iprintf.o)
 .ARM.attributes
                0x0000040a       0x2e c:/program files (x86)/atmel/studio/7.0/toolchain/arm/arm-gnu-toolchain/bin/../lib/gcc/arm-none-eabi/5.3.1/../../../../arm-none-eabi/lib/armv7e-m\libc.a(lib_a-memset.o)
 .ARM.attributes
                0x00000438       0x2e c:/program files (x86)/atmel/studio/7.0/toolchain/arm/arm-gnu-toolchain/bin/../lib/gcc/arm-none-eabi/5.3.1/../../../../arm-none-eabi/lib/armv7e-m\libc.a(lib_a-setbuf.o)
 .ARM.attributes
                0x00000466       0x2e c:/program files (x86)/atmel/studio/7.0/toolchain/arm/arm-gnu-toolchain/bin/../lib/gcc/arm-none-eabi/5.3.1/../../../../arm-none-eabi/lib/armv7e-m\libc.a(lib_a-setvbuf.o)
 .ARM.attributes
                0x00000494       0x2e c:/program files (x86)/atmel/studio/7.0/toolchain/arm/arm-gnu-toolchain/bin/../lib/gcc/arm-none-eabi/5.3.1/../../../../arm-none-eabi/lib/armv7e-m\libc.a(lib_a-vfiprintf.o)
 .ARM.attributes
                0x000004c2       0x2e c:/program files (x86)/atmel/studio/7.0/toolchain/arm/arm-gnu-toolchain/bin/../lib/gcc/arm-none-eabi/5.3.1/../../../../arm-none-eabi/lib/armv7e-m\libc.a(lib_a-wsetup.o)
 .ARM.attributes
                0x000004f0       0x2e c:/program files (x86)/atmel/studio/7.0/toolchain/arm/arm-gnu-toolchain/bin/../lib/gcc/arm-none-eabi/5.3.1/../../../../arm-none-eabi/lib/armv7e-m\libc.a(lib_a-__call_atexit.o)
 .ARM.attributes
                0x0000051e       0x2e c:/program files (x86)/atmel/studio/7.0/toolchain/arm/arm-gnu-toolchain/bin/../lib/gcc/arm-none-eabi/5.3.1/../../../../arm-none-eabi/lib/armv7e-m\libc.a(lib_a-atexit.o)
 .ARM.attributes
                0x0000054c       0x2e c:/program files (x86)/atmel/studio/7.0/toolchain/arm/arm-gnu-toolchain/bin/../lib/gcc/arm-none-eabi/5.3.1/../../../../arm-none-eabi/lib/armv7e-m\libc.a(lib_a-fflush.o)
 .ARM.attributes
                0x0000057a       0x2e c:/program files (x86)/atmel/studio/7.0/toolchain/arm/arm-gnu-toolchain/bin/../lib/gcc/arm-none-eabi/5.3.1/../../../../arm-none-eabi/lib/armv7e-m\libc.a(lib_a-findfp.o)
 .ARM.attributes
                0x000005a8       0x2e c:/program files (x86)/atmel/studio/7.0/toolchain/arm/arm-gnu-toolchain/bin/../lib/gcc/arm-none-eabi/5.3.1/../../../../arm-none-eabi/lib/armv7e-m\libc.a(lib_a-fini.o)
 .ARM.attributes
                0x000005d6       0x2e c:/program files (x86)/atmel/studio/7.0/toolchain/arm/arm-gnu-toolchain/bin/../lib/gcc/arm-none-eabi/5.3.1/../../../../arm-none-eabi/lib/armv7e-m\libc.a(lib_a-fputwc.o)
 .ARM.attributes
                0x00000604       0x2e c:/program files (x86)/atmel/studio/7.0/toolchain/arm/arm-gnu-toolchain/bin/../lib/gcc/arm-none-eabi/5.3.1/../../../../arm-none-eabi/lib/armv7e-m\libc.a(lib_a-freer.o)
 .ARM.attributes
                0x00000632       0x2e c:/program files (x86)/atmel/studio/7.0/toolchain/arm/arm-gnu-toolchain/bin/../lib/gcc/arm-none-eabi/5.3.1/../../../../arm-none-eabi/lib/armv7e-m\libc.a(lib_a-fvwrite.o)
 .ARM.attributes
                0x00000660       0x2e c:/program files (x86)/atmel/studio/7.0/toolchain/arm/arm-gnu-toolchain/bin/../lib/gcc/arm-none-eabi/5.3.1/../../../../arm-none-eabi/lib/armv7e-m\libc.a(lib_a-fwalk.o)
 .ARM.attributes
                0x0000068e       0x2e c:/program files (x86)/atmel/studio/7.0/toolchain/arm/arm-gnu-toolchain/bin/../lib/gcc/arm-none-eabi/5.3.1/../../../../arm-none-eabi/lib/armv7e-m\libc.a(lib_a-locale.o)
 .ARM.attributes
                0x000006bc       0x2e c:/program files (x86)/atmel/studio/7.0/toolchain/arm/arm-gnu-toolchain/bin/../lib/gcc/arm-none-eabi/5.3.1/../../../../arm-none-eabi/lib/armv7e-m\libc.a(lib_a-makebuf.o)
 .ARM.attributes
                0x000006ea       0x2e c:/program files (x86)/atmel/studio/7.0/toolchain/arm/arm-gnu-toolchain/bin/../lib/gcc/arm-none-eabi/5.3.1/../../../../arm-none-eabi/lib/armv7e-m\libc.a(lib_a-malloc.o)
 .ARM.attributes
                0x00000718       0x2e c:/program files (x86)/atmel/studio/7.0/toolchain/arm/arm-gnu-toolchain/bin/../lib/gcc/arm-none-eabi/5.3.1/../../../../arm-none-eabi/lib/armv7e-m\libc.a(lib_a-mallocr.o)
 .ARM.attributes
                0x00000746       0x1c c:/program files (x86)/atmel/studio/7.0/toolchain/arm/arm-gnu-toolchain/bin/../lib/gcc/arm-none-eabi/5.3.1/../../../../arm-none-eabi/lib/armv7e-m\libc.a(lib_a-memchr.o)
 .ARM.attributes
                0x00000762       0x1c c:/program files (x86)/atmel/studio/7.0/toolchain/arm/arm-gnu-toolchain/bin/../lib/gcc/arm-none-eabi/5.3.1/../../../../arm-none-eabi/lib/armv7e-m\libc.a(lib_a-memcpy.o)
 .ARM.attributes
                0x0000077e       0x2e c:/program files (x86)/atmel/studio/7.0/toolchain/arm/arm-gnu-toolchain/bin/../lib/gcc/arm-none-eabi/5.3.1/../../../../arm-none-eabi/lib/armv7e-m\libc.a(lib_a-memmove.o)
 .ARM.attributes
                0x000007ac       0x2e c:/program files (x86)/atmel/studio/7.0/toolchain/arm/arm-gnu-toolchain/bin/../lib/gcc/arm-none-eabi/5.3.1/../../../../arm-none-eabi/lib/armv7e-m\libc.a(lib_a-mlock.o)
 .ARM.attributes
                0x000007da       0x2e c:/program files (x86)/atmel/studio/7.0/toolchain/arm/arm-gnu-toolchain/bin/../lib/gcc/arm-none-eabi/5.3.1/../../../../arm-none-eabi/lib/armv7e-m\libc.a(lib_a-reallocr.o)
 .ARM.attributes
                0x00000808       0x2e c:/program files (x86)/atmel/studio/7.0/toolchain/arm/arm-gnu-toolchain/bin/../lib/gcc/arm-none-eabi/5.3.1/../../../../arm-none-eabi/lib/armv7e-m\libc.a(lib_a-sbrkr.o)
 .ARM.attributes
                0x00000836       0x2e c:/program files (x86)/atmel/studio/7.0/toolchain/arm/arm-gnu-toolchain/bin/../lib/gcc/arm-none-eabi/5.3.1/../../../../arm-none-eabi/lib/armv7e-m\libc.a(lib_a-stdio.o)
 .ARM.attributes
                0x00000864       0x1c c:/program files (x86)/atmel/studio/7.0/toolchain/arm/arm-gnu-toolchain/bin/../lib/gcc/arm-none-eabi/5.3.1/../../../../arm-none-eabi/lib/armv7e-m\libc.a(lib_a-strlen.o)
 .ARM.attributes
                0x00000880       0x2e c:/program files (x86)/atmel/studio/7.0/toolchain/arm/arm-gnu-toolchain/bin/../lib/gcc/arm-none-eabi/5.3.1/../../../../arm-none-eabi/lib/armv7e-m\libc.a(lib_a-wbuf.o)
 .ARM.attributes
                0x000008ae       0x2e c:/program files (x86)/atmel/studio/7.0/toolchain/arm/arm-gnu-toolchain/bin/../lib/gcc/arm-none-eabi/5.3.1/../../../../arm-none-eabi/lib/armv7e-m\libc.a(lib_a-wcrtomb.o)
 .ARM.attributes
                0x000008dc       0x2e c:/program files (x86)/atmel/studio/7.0/toolchain/arm/arm-gnu-toolchain/bin/../lib/gcc/arm-none-eabi/5.3.1/../../../../arm-none-eabi/lib/armv7e-m\libc.a(lib_a-wctomb_r.o)
 .ARM.attributes
                0x0000090a       0x2e c:/program files (x86)/atmel/studio/7.0/toolchain/arm/arm-gnu-toolchain/bin/../lib/gcc/arm-none-eabi/5.3.1/../../../../arm-none-eabi/lib/armv7e-m\libc.a(lib_a-writer.o)
 .ARM.attributes
                0x00000938       0x2e c:/program files (x86)/atmel/studio/7.0/toolchain/arm/arm-gnu-toolchain/bin/../lib/gcc/arm-none-eabi/5.3.1/../../../../arm-none-eabi/lib/armv7e-m\libc.a(lib_a-__atexit.o)
 .ARM.attributes
                0x00000966       0x2e c:/program files (x86)/atmel/studio/7.0/toolchain/arm/arm-gnu-toolchain/bin/../lib/gcc/arm-none-eabi/5.3.1/../../../../arm-none-eabi/lib/armv7e-m\libc.a(lib_a-closer.o)
 .ARM.attributes
                0x00000994       0x2e c:/program files (x86)/atmel/studio/7.0/toolchain/arm/arm-gnu-toolchain/bin/../lib/gcc/arm-none-eabi/5.3.1/../../../../arm-none-eabi/lib/armv7e-m\libc.a(lib_a-fclose.o)
 .ARM.attributes
                0x000009c2       0x2e c:/program files (x86)/atmel/studio/7.0/toolchain/arm/arm-gnu-toolchain/bin/../lib/gcc/arm-none-eabi/5.3.1/../../../../arm-none-eabi/lib/armv7e-m\libc.a(lib_a-fstatr.o)
 .ARM.attributes
                0x000009f0       0x2e c:/program files (x86)/atmel/studio/7.0/toolchain/arm/arm-gnu-toolchain/bin/../lib/gcc/arm-none-eabi/5.3.1/../../../../arm-none-eabi/lib/armv7e-m\libc.a(lib_a-isattyr.o)
 .ARM.attributes
                0x00000a1e       0x2e c:/program files (x86)/atmel/studio/7.0/toolchain/arm/arm-gnu-toolchain/bin/../lib/gcc/arm-none-eabi/5.3.1/../../../../arm-none-eabi/lib/armv7e-m\libc.a(lib_a-lseekr.o)
 .ARM.attributes
                0x00000a4c       0x2e c:/program files (x86)/atmel/studio/7.0/toolchain/arm/arm-gnu-toolchain/bin/../lib/gcc/arm-none-eabi/5.3.1/../../../../arm-none-eabi/lib/armv7e-m\libc.a(lib_a-readr.o)
 .ARM.attributes
                0x00000a7a       0x2e c:/program files (x86)/atmel/studio/7.0/toolchain/arm/arm-gnu-toolchain/bin/../lib/gcc/arm-none-eabi/5.3.1/../../../../arm-none-eabi/lib/armv7e-m\libc.a(lib_a-reent.o)
 .ARM.attributes
                0x00000aa8       0x1e c:/program files (x86)/atmel/studio/7.0/toolchain/arm/arm-gnu-toolchain/bin/../lib/gcc/arm-none-eabi/5.3.1/armv7e-m/crtn.o

.comment        0x00000000       0x59
 .comment       0x00000000       0x59 src/ASF/common/services/delay/sam/cycle_counter.o
                                 0x5a (size before relaxing)
 .comment       0x00000059       0x5a src/ASF/common/utils/stdio/read.o
 .comment       0x00000059       0x5a src/ASF/sam/drivers/usart/usart.o
 .comment       0x00000059       0x5a src/ASF/common/utils/stdio/write.o
 .comment       0x00000059       0x5a src/ASF/sam/drivers/gpio/gpio.o
 .comment       0x00000059       0x5a src/ASF/common/services/clock/sam4l/sysclk.o
 .comment       0x00000059       0x5a src/ASF/common/utils/interrupt/interrupt_sam_nvic.o
 .comment       0x00000059       0x5a src/ASF/sam/boards/sam4l8_xplained_pro/init.o
 .comment       0x00000059       0x5a src/ASF/sam/drivers/bpm/bpm.o
 .comment       0x00000059       0x5a src/ASF/sam/drivers/wdt/wdt_sam4l.o
 .comment       0x00000059       0x5a src/ASF/sam/utils/cmsis/sam4l/source/templates/exceptions.o
 .comment       0x00000059       0x5a src/ASF/sam/utils/cmsis/sam4l/source/templates/gcc/startup_sam4l.o
 .comment       0x00000059       0x5a src/ASF/sam/utils/syscalls/gcc/syscalls.o
 .comment       0x00000059       0x5a src/main.o

.debug_info     0x00000000     0xb2bb
 .debug_info    0x00000000      0x134 src/ASF/common/services/delay/sam/cycle_counter.o
 .debug_info    0x00000134      0x1bb src/ASF/common/utils/stdio/read.o
 .debug_info    0x000002ef     0x1bbc src/ASF/sam/drivers/usart/usart.o
 .debug_info    0x00001eab      0x1c0 src/ASF/common/utils/stdio/write.o
 .debug_info    0x0000206b     0x12b7 src/ASF/sam/drivers/gpio/gpio.o
 .debug_info    0x00003322     0x2b93 src/ASF/common/services/clock/sam4l/sysclk.o
 .debug_info    0x00005eb5      0x1e4 src/ASF/common/utils/interrupt/interrupt_sam_nvic.o
 .debug_info    0x00006099     0x1033 src/ASF/sam/boards/sam4l8_xplained_pro/init.o
 .debug_info    0x000070cc      0xe0f src/ASF/sam/drivers/bpm/bpm.o
 .debug_info    0x00007edb      0x66e src/ASF/sam/drivers/wdt/wdt_sam4l.o
 .debug_info    0x00008549       0xbb src/ASF/sam/utils/cmsis/sam4l/source/templates/exceptions.o
 .debug_info    0x00008604      0x383 src/ASF/sam/utils/cmsis/sam4l/source/templates/gcc/startup_sam4l.o
 .debug_info    0x00008987      0x440 src/ASF/sam/utils/syscalls/gcc/syscalls.o
 .debug_info    0x00008dc7     0x24f4 src/main.o

.debug_abbrev   0x00000000     0x1a08
 .debug_abbrev  0x00000000       0x9d src/ASF/common/services/delay/sam/cycle_counter.o
 .debug_abbrev  0x0000009d      0x101 src/ASF/common/utils/stdio/read.o
 .debug_abbrev  0x0000019e      0x325 src/ASF/sam/drivers/usart/usart.o
 .debug_abbrev  0x000004c3       0xf5 src/ASF/common/utils/stdio/write.o
 .debug_abbrev  0x000005b8      0x27a src/ASF/sam/drivers/gpio/gpio.o
 .debug_abbrev  0x00000832      0x380 src/ASF/common/services/clock/sam4l/sysclk.o
 .debug_abbrev  0x00000bb2       0xed src/ASF/common/utils/interrupt/interrupt_sam_nvic.o
 .debug_abbrev  0x00000c9f      0x228 src/ASF/sam/boards/sam4l8_xplained_pro/init.o
 .debug_abbrev  0x00000ec7      0x28b src/ASF/sam/drivers/bpm/bpm.o
 .debug_abbrev  0x00001152      0x21f src/ASF/sam/drivers/wdt/wdt_sam4l.o
 .debug_abbrev  0x00001371       0x6f src/ASF/sam/utils/cmsis/sam4l/source/templates/exceptions.o
 .debug_abbrev  0x000013e0      0x10c src/ASF/sam/utils/cmsis/sam4l/source/templates/gcc/startup_sam4l.o
 .debug_abbrev  0x000014ec      0x151 src/ASF/sam/utils/syscalls/gcc/syscalls.o
 .debug_abbrev  0x0000163d      0x3cb src/main.o

.debug_aranges  0x00000000      0x688
 .debug_aranges
                0x00000000       0x20 src/ASF/common/services/delay/sam/cycle_counter.o
 .debug_aranges
                0x00000020       0x20 src/ASF/common/utils/stdio/read.o
 .debug_aranges
                0x00000040      0x2b0 src/ASF/sam/drivers/usart/usart.o
 .debug_aranges
                0x000002f0       0x20 src/ASF/common/utils/stdio/write.o
 .debug_aranges
                0x00000310       0x88 src/ASF/sam/drivers/gpio/gpio.o
 .debug_aranges
                0x00000398       0x88 src/ASF/common/services/clock/sam4l/sysclk.o
 .debug_aranges
                0x00000420       0x28 src/ASF/common/utils/interrupt/interrupt_sam_nvic.o
 .debug_aranges
                0x00000448       0x20 src/ASF/sam/boards/sam4l8_xplained_pro/init.o
 .debug_aranges
                0x00000468       0xc0 src/ASF/sam/drivers/bpm/bpm.o
 .debug_aranges
                0x00000528       0x50 src/ASF/sam/drivers/wdt/wdt_sam4l.o
 .debug_aranges
                0x00000578       0x20 src/ASF/sam/utils/cmsis/sam4l/source/templates/exceptions.o
 .debug_aranges
                0x00000598       0x20 src/ASF/sam/utils/cmsis/sam4l/source/templates/gcc/startup_sam4l.o
 .debug_aranges
                0x000005b8       0x60 src/ASF/sam/utils/syscalls/gcc/syscalls.o
 .debug_aranges
                0x00000618       0x70 src/main.o

.debug_ranges   0x00000000      0x5a8
 .debug_ranges  0x00000000       0x10 src/ASF/common/services/delay/sam/cycle_counter.o
 .debug_ranges  0x00000010       0x10 src/ASF/common/utils/stdio/read.o
 .debug_ranges  0x00000020      0x2a0 src/ASF/sam/drivers/usart/usart.o
 .debug_ranges  0x000002c0       0x10 src/ASF/common/utils/stdio/write.o
 .debug_ranges  0x000002d0       0x78 src/ASF/sam/drivers/gpio/gpio.o
 .debug_ranges  0x00000348       0x78 src/ASF/common/services/clock/sam4l/sysclk.o
 .debug_ranges  0x000003c0       0x18 src/ASF/common/utils/interrupt/interrupt_sam_nvic.o
 .debug_ranges  0x000003d8       0x10 src/ASF/sam/boards/sam4l8_xplained_pro/init.o
 .debug_ranges  0x000003e8       0xb0 src/ASF/sam/drivers/bpm/bpm.o
 .debug_ranges  0x00000498       0x40 src/ASF/sam/drivers/wdt/wdt_sam4l.o
 .debug_ranges  0x000004d8       0x10 src/ASF/sam/utils/cmsis/sam4l/source/templates/exceptions.o
 .debug_ranges  0x000004e8       0x10 src/ASF/sam/utils/cmsis/sam4l/source/templates/gcc/startup_sam4l.o
 .debug_ranges  0x000004f8       0x50 src/ASF/sam/utils/syscalls/gcc/syscalls.o
 .debug_ranges  0x00000548       0x60 src/main.o

.debug_macro    0x00000000    0x2e258
 .debug_macro   0x00000000      0x5bd src/ASF/common/services/delay/sam/cycle_counter.o
 .debug_macro   0x000005bd      0x8aa src/ASF/common/services/delay/sam/cycle_counter.o
 .debug_macro   0x00000e67      0x16d src/ASF/common/services/delay/sam/cycle_counter.o
 .debug_macro   0x00000fd4      0x644 src/ASF/common/services/delay/sam/cycle_counter.o
 .debug_macro   0x00001618       0x76 src/ASF/common/services/delay/sam/cycle_counter.o
 .debug_macro   0x0000168e       0x16 src/ASF/common/services/delay/sam/cycle_counter.o
 .debug_macro   0x000016a4      0x6e4 src/ASF/common/services/delay/sam/cycle_counter.o
 .debug_macro   0x00001d88       0x22 src/ASF/common/services/delay/sam/cycle_counter.o
 .debug_macro   0x00001daa       0x87 src/ASF/common/services/delay/sam/cycle_counter.o
 .debug_macro   0x00001e31       0x44 src/ASF/common/services/delay/sam/cycle_counter.o
 .debug_macro   0x00001e75       0xfd src/ASF/common/services/delay/sam/cycle_counter.o
 .debug_macro   0x00001f72       0x22 src/ASF/common/services/delay/sam/cycle_counter.o
 .debug_macro   0x00001f94      0x1df src/ASF/common/services/delay/sam/cycle_counter.o
 .debug_macro   0x00002173       0x64 src/ASF/common/services/delay/sam/cycle_counter.o
 .debug_macro   0x000021d7       0x3b src/ASF/common/services/delay/sam/cycle_counter.o
 .debug_macro   0x00002212       0x2d src/ASF/common/services/delay/sam/cycle_counter.o
 .debug_macro   0x0000223f       0x26 src/ASF/common/services/delay/sam/cycle_counter.o
 .debug_macro   0x00002265      0xbbf src/ASF/common/services/delay/sam/cycle_counter.o
 .debug_macro   0x00002e24      0x330 src/ASF/common/services/delay/sam/cycle_counter.o
 .debug_macro   0x00003154      0x9b1 src/ASF/common/services/delay/sam/cycle_counter.o
 .debug_macro   0x00003b05      0x81b src/ASF/common/services/delay/sam/cycle_counter.o
 .debug_macro   0x00004320      0x30d src/ASF/common/services/delay/sam/cycle_counter.o
 .debug_macro   0x0000462d      0x913 src/ASF/common/services/delay/sam/cycle_counter.o
 .debug_macro   0x00004f40      0x4e7 src/ASF/common/services/delay/sam/cycle_counter.o
 .debug_macro   0x00005427      0xb32 src/ASF/common/services/delay/sam/cycle_counter.o
 .debug_macro   0x00005f59      0x509 src/ASF/common/services/delay/sam/cycle_counter.o
 .debug_macro   0x00006462      0x2c9 src/ASF/common/services/delay/sam/cycle_counter.o
 .debug_macro   0x0000672b      0x28b src/ASF/common/services/delay/sam/cycle_counter.o
 .debug_macro   0x000069b6      0x1df src/ASF/common/services/delay/sam/cycle_counter.o
 .debug_macro   0x00006b95      0xdf2 src/ASF/common/services/delay/sam/cycle_counter.o
 .debug_macro   0x00007987      0x6c4 src/ASF/common/services/delay/sam/cycle_counter.o
 .debug_macro   0x0000804b      0x1f2 src/ASF/common/services/delay/sam/cycle_counter.o
 .debug_macro   0x0000823d       0xb8 src/ASF/common/services/delay/sam/cycle_counter.o
 .debug_macro   0x000082f5     0x8f16 src/ASF/common/services/delay/sam/cycle_counter.o
 .debug_macro   0x0001120b      0x170 src/ASF/common/services/delay/sam/cycle_counter.o
 .debug_macro   0x0001137b      0x420 src/ASF/common/services/delay/sam/cycle_counter.o
 .debug_macro   0x0001179b      0x682 src/ASF/common/services/delay/sam/cycle_counter.o
 .debug_macro   0x00011e1d      0x77a src/ASF/common/services/delay/sam/cycle_counter.o
 .debug_macro   0x00012597      0x219 src/ASF/common/services/delay/sam/cycle_counter.o
 .debug_macro   0x000127b0      0x52c src/ASF/common/services/delay/sam/cycle_counter.o
 .debug_macro   0x00012cdc      0x4c3 src/ASF/common/services/delay/sam/cycle_counter.o
 .debug_macro   0x0001319f      0x100 src/ASF/common/services/delay/sam/cycle_counter.o
 .debug_macro   0x0001329f      0xa2d src/ASF/common/services/delay/sam/cycle_counter.o
 .debug_macro   0x00013ccc      0xbf6 src/ASF/common/services/delay/sam/cycle_counter.o
 .debug_macro   0x000148c2      0x343 src/ASF/common/services/delay/sam/cycle_counter.o
 .debug_macro   0x00014c05      0x98e src/ASF/common/services/delay/sam/cycle_counter.o
 .debug_macro   0x00015593      0xff2 src/ASF/common/services/delay/sam/cycle_counter.o
 .debug_macro   0x00016585      0x10c src/ASF/common/services/delay/sam/cycle_counter.o
 .debug_macro   0x00016691      0x913 src/ASF/common/services/delay/sam/cycle_counter.o
 .debug_macro   0x00016fa4      0x832 src/ASF/common/services/delay/sam/cycle_counter.o
 .debug_macro   0x000177d6     0x3ec6 src/ASF/common/services/delay/sam/cycle_counter.o
 .debug_macro   0x0001b69c     0x64db src/ASF/common/services/delay/sam/cycle_counter.o
 .debug_macro   0x00021b77      0x20f src/ASF/common/services/delay/sam/cycle_counter.o
 .debug_macro   0x00021d86       0x64 src/ASF/common/services/delay/sam/cycle_counter.o
 .debug_macro   0x00021dea       0x8e src/ASF/common/services/delay/sam/cycle_counter.o
 .debug_macro   0x00021e78       0xa6 src/ASF/common/services/delay/sam/cycle_counter.o
 .debug_macro   0x00021f1e       0xb8 src/ASF/common/services/delay/sam/cycle_counter.o
 .debug_macro   0x00021fd6       0xa6 src/ASF/common/services/delay/sam/cycle_counter.o
 .debug_macro   0x0002207c       0x9a src/ASF/common/services/delay/sam/cycle_counter.o
 .debug_macro   0x00022116      0x118 src/ASF/common/services/delay/sam/cycle_counter.o
 .debug_macro   0x0002222e       0xa0 src/ASF/common/services/delay/sam/cycle_counter.o
 .debug_macro   0x000222ce       0x16 src/ASF/common/services/delay/sam/cycle_counter.o
 .debug_macro   0x000222e4       0x6a src/ASF/common/services/delay/sam/cycle_counter.o
 .debug_macro   0x0002234e       0x58 src/ASF/common/services/delay/sam/cycle_counter.o
 .debug_macro   0x000223a6       0xa0 src/ASF/common/services/delay/sam/cycle_counter.o
 .debug_macro   0x00022446       0x34 src/ASF/common/services/delay/sam/cycle_counter.o
 .debug_macro   0x0002247a      0x106 src/ASF/common/services/delay/sam/cycle_counter.o
 .debug_macro   0x00022580       0x3a src/ASF/common/services/delay/sam/cycle_counter.o
 .debug_macro   0x000225ba      0x830 src/ASF/common/services/delay/sam/cycle_counter.o
 .debug_macro   0x00022dea       0x40 src/ASF/common/services/delay/sam/cycle_counter.o
 .debug_macro   0x00022e2a      0x2b1 src/ASF/common/services/delay/sam/cycle_counter.o
 .debug_macro   0x000230db       0x70 src/ASF/common/services/delay/sam/cycle_counter.o
 .debug_macro   0x0002314b       0xb2 src/ASF/common/services/delay/sam/cycle_counter.o
 .debug_macro   0x000231fd       0x46 src/ASF/common/services/delay/sam/cycle_counter.o
 .debug_macro   0x00023243      0x5c8 src/ASF/common/services/delay/sam/cycle_counter.o
 .debug_macro   0x0002380b      0x38a src/ASF/common/services/delay/sam/cycle_counter.o
 .debug_macro   0x00023b95       0x28 src/ASF/common/services/delay/sam/cycle_counter.o
 .debug_macro   0x00023bbd      0x14b src/ASF/common/services/delay/sam/cycle_counter.o
 .debug_macro   0x00023d08      0x2cd src/ASF/common/services/delay/sam/cycle_counter.o
 .debug_macro   0x00023fd5       0x46 src/ASF/common/services/delay/sam/cycle_counter.o
 .debug_macro   0x0002401b       0x7c src/ASF/common/services/delay/sam/cycle_counter.o
 .debug_macro   0x00024097      0x119 src/ASF/common/services/delay/sam/cycle_counter.o
 .debug_macro   0x000241b0      0x119 src/ASF/common/services/delay/sam/cycle_counter.o
 .debug_macro   0x000242c9       0x34 src/ASF/common/services/delay/sam/cycle_counter.o
 .debug_macro   0x000242fd       0x7c src/ASF/common/services/delay/sam/cycle_counter.o
 .debug_macro   0x00024379       0x7c src/ASF/common/services/delay/sam/cycle_counter.o
 .debug_macro   0x000243f5       0x7c src/ASF/common/services/delay/sam/cycle_counter.o
 .debug_macro   0x00024471       0x7c src/ASF/common/services/delay/sam/cycle_counter.o
 .debug_macro   0x000244ed       0x76 src/ASF/common/services/delay/sam/cycle_counter.o
 .debug_macro   0x00024563       0x76 src/ASF/common/services/delay/sam/cycle_counter.o
 .debug_macro   0x000245d9       0x9a src/ASF/common/services/delay/sam/cycle_counter.o
 .debug_macro   0x00024673       0x9a src/ASF/common/services/delay/sam/cycle_counter.o
 .debug_macro   0x0002470d       0x9a src/ASF/common/services/delay/sam/cycle_counter.o
 .debug_macro   0x000247a7       0x9a src/ASF/common/services/delay/sam/cycle_counter.o
 .debug_macro   0x00024841      0x447 src/ASF/common/services/delay/sam/cycle_counter.o
 .debug_macro   0x00024c88       0x46 src/ASF/common/services/delay/sam/cycle_counter.o
 .debug_macro   0x00024cce      0x591 src/ASF/common/services/delay/sam/cycle_counter.o
 .debug_macro   0x0002525f     0x2eee src/ASF/common/services/delay/sam/cycle_counter.o
 .debug_macro   0x0002814d      0x146 src/ASF/common/services/delay/sam/cycle_counter.o
 .debug_macro   0x00028293       0x52 src/ASF/common/services/delay/sam/cycle_counter.o
 .debug_macro   0x000282e5       0x35 src/ASF/common/services/delay/sam/cycle_counter.o
 .debug_macro   0x0002831a       0x9c src/ASF/common/services/delay/sam/cycle_counter.o
 .debug_macro   0x000283b6       0x16 src/ASF/common/services/delay/sam/cycle_counter.o
 .debug_macro   0x000283cc       0x35 src/ASF/common/services/delay/sam/cycle_counter.o
 .debug_macro   0x00028401      0x330 src/ASF/common/services/delay/sam/cycle_counter.o
 .debug_macro   0x00028731       0x10 src/ASF/common/services/delay/sam/cycle_counter.o
 .debug_macro   0x00028741       0x52 src/ASF/common/services/delay/sam/cycle_counter.o
 .debug_macro   0x00028793       0x16 src/ASF/common/services/delay/sam/cycle_counter.o
 .debug_macro   0x000287a9       0x43 src/ASF/common/services/delay/sam/cycle_counter.o
 .debug_macro   0x000287ec      0x187 src/ASF/common/services/delay/sam/cycle_counter.o
 .debug_macro   0x00028973       0x22 src/ASF/common/services/delay/sam/cycle_counter.o
 .debug_macro   0x00028995       0x3a src/ASF/common/services/delay/sam/cycle_counter.o
 .debug_macro   0x000289cf       0x10 src/ASF/common/services/delay/sam/cycle_counter.o
 .debug_macro   0x000289df       0x40 src/ASF/common/services/delay/sam/cycle_counter.o
 .debug_macro   0x00028a1f       0x6c src/ASF/common/services/delay/sam/cycle_counter.o
 .debug_macro   0x00028a8b       0x16 src/ASF/common/services/delay/sam/cycle_counter.o
 .debug_macro   0x00028aa1      0x182 src/ASF/common/services/delay/sam/cycle_counter.o
 .debug_macro   0x00028c23       0x22 src/ASF/common/services/delay/sam/cycle_counter.o
 .debug_macro   0x00028c45       0x16 src/ASF/common/services/delay/sam/cycle_counter.o
 .debug_macro   0x00028c5b       0x16 src/ASF/common/services/delay/sam/cycle_counter.o
 .debug_macro   0x00028c71       0x29 src/ASF/common/services/delay/sam/cycle_counter.o
 .debug_macro   0x00028c9a       0x75 src/ASF/common/services/delay/sam/cycle_counter.o
 .debug_macro   0x00028d0f       0x3f src/ASF/common/services/delay/sam/cycle_counter.o
 .debug_macro   0x00028d4e      0x3ca src/ASF/common/services/delay/sam/cycle_counter.o
 .debug_macro   0x00029118       0x22 src/ASF/common/services/delay/sam/cycle_counter.o
 .debug_macro   0x0002913a      0x5ad src/ASF/common/utils/stdio/read.o
 .debug_macro   0x000296e7      0x5f9 src/ASF/sam/drivers/usart/usart.o
 .debug_macro   0x00029ce0       0x28 src/ASF/sam/drivers/usart/usart.o
 .debug_macro   0x00029d08      0x5ad src/ASF/common/utils/stdio/write.o
 .debug_macro   0x0002a2b5      0x68b src/ASF/sam/drivers/gpio/gpio.o
 .debug_macro   0x0002a940       0x8e src/ASF/sam/drivers/gpio/gpio.o
 .debug_macro   0x0002a9ce      0x6a2 src/ASF/common/services/clock/sam4l/sysclk.o
 .debug_macro   0x0002b070       0x47 src/ASF/common/services/clock/sam4l/sysclk.o
 .debug_macro   0x0002b0b7       0xce src/ASF/common/services/clock/sam4l/sysclk.o
 .debug_macro   0x0002b185      0x5ad src/ASF/common/utils/interrupt/interrupt_sam_nvic.o
 .debug_macro   0x0002b732      0x684 src/ASF/sam/boards/sam4l8_xplained_pro/init.o
 .debug_macro   0x0002bdb6      0x217 src/ASF/sam/boards/sam4l8_xplained_pro/init.o
 .debug_macro   0x0002bfcd       0x32 src/ASF/sam/boards/sam4l8_xplained_pro/init.o
 .debug_macro   0x0002bfff      0x5b7 src/ASF/sam/drivers/bpm/bpm.o
 .debug_macro   0x0002c5b6      0x674 src/ASF/sam/drivers/wdt/wdt_sam4l.o
 .debug_macro   0x0002cc2a       0x2c src/ASF/sam/drivers/wdt/wdt_sam4l.o
 .debug_macro   0x0002cc56      0x3df src/ASF/sam/utils/cmsis/sam4l/source/templates/exceptions.o
 .debug_macro   0x0002d035      0x3df src/ASF/sam/utils/cmsis/sam4l/source/templates/gcc/startup_sam4l.o
 .debug_macro   0x0002d414      0x19c src/ASF/sam/utils/syscalls/gcc/syscalls.o
 .debug_macro   0x0002d5b0       0x4c src/ASF/sam/utils/syscalls/gcc/syscalls.o
 .debug_macro   0x0002d5fc       0x8d src/ASF/sam/utils/syscalls/gcc/syscalls.o
 .debug_macro   0x0002d689       0x4a src/ASF/sam/utils/syscalls/gcc/syscalls.o
 .debug_macro   0x0002d6d3       0x97 src/ASF/sam/utils/syscalls/gcc/syscalls.o
 .debug_macro   0x0002d76a       0xf6 src/ASF/sam/utils/syscalls/gcc/syscalls.o
 .debug_macro   0x0002d860       0x52 src/ASF/sam/utils/syscalls/gcc/syscalls.o
 .debug_macro   0x0002d8b2       0x16 src/ASF/sam/utils/syscalls/gcc/syscalls.o
 .debug_macro   0x0002d8c8       0x10 src/ASF/sam/utils/syscalls/gcc/syscalls.o
 .debug_macro   0x0002d8d8       0x41 src/ASF/sam/utils/syscalls/gcc/syscalls.o
 .debug_macro   0x0002d919      0x122 src/ASF/sam/utils/syscalls/gcc/syscalls.o
 .debug_macro   0x0002da3b      0x722 src/main.o
 .debug_macro   0x0002e15d       0x28 src/main.o
 .debug_macro   0x0002e185       0x23 src/main.o
 .debug_macro   0x0002e1a8       0x94 src/main.o
 .debug_macro   0x0002e23c       0x1c src/main.o

.debug_line     0x00000000     0xbaa2
 .debug_line    0x00000000      0xc51 src/ASF/common/services/delay/sam/cycle_counter.o
 .debug_line    0x00000c51      0xc56 src/ASF/common/utils/stdio/read.o
 .debug_line    0x000018a7     0x1322 src/ASF/sam/drivers/usart/usart.o
 .debug_line    0x00002bc9      0xc48 src/ASF/common/utils/stdio/write.o
 .debug_line    0x00003811      0xf06 src/ASF/sam/drivers/gpio/gpio.o
 .debug_line    0x00004717     0x12ba src/ASF/common/services/clock/sam4l/sysclk.o
 .debug_line    0x000059d1      0xc65 src/ASF/common/utils/interrupt/interrupt_sam_nvic.o
 .debug_line    0x00006636      0xe21 src/ASF/sam/boards/sam4l8_xplained_pro/init.o
 .debug_line    0x00007457      0xe35 src/ASF/sam/drivers/bpm/bpm.o
 .debug_line    0x0000828c      0xe50 src/ASF/sam/drivers/wdt/wdt_sam4l.o
 .debug_line    0x000090dc      0x9f3 src/ASF/sam/utils/cmsis/sam4l/source/templates/exceptions.o
 .debug_line    0x00009acf      0xa3b src/ASF/sam/utils/cmsis/sam4l/source/templates/gcc/startup_sam4l.o
 .debug_line    0x0000a50a      0x3d0 src/ASF/sam/utils/syscalls/gcc/syscalls.o
 .debug_line    0x0000a8da     0x11c8 src/main.o

.debug_str      0x00000000    0xe6431
 .debug_str     0x00000000    0xdd911 src/ASF/common/services/delay/sam/cycle_counter.o
                              0xde145 (size before relaxing)
 .debug_str     0x000dd911       0x3f src/ASF/common/utils/stdio/read.o
                              0xddfd0 (size before relaxing)
 .debug_str     0x000dd950      0xbea src/ASF/sam/drivers/usart/usart.o
                              0xdebb2 (size before relaxing)
 .debug_str     0x000de53a       0x2e src/ASF/common/utils/stdio/write.o
                              0xddfd2 (size before relaxing)
 .debug_str     0x000de568     0x4fc7 src/ASF/sam/drivers/gpio/gpio.o
                              0xe3026 (size before relaxing)
 .debug_str     0x000e352f     0x1559 src/ASF/common/services/clock/sam4l/sysclk.o
                              0xe38db (size before relaxing)
 .debug_str     0x000e4a88       0x65 src/ASF/common/utils/interrupt/interrupt_sam_nvic.o
                              0xde021 (size before relaxing)
 .debug_str     0x000e4aed      0x5fa src/ASF/sam/boards/sam4l8_xplained_pro/init.o
                              0xe2f4f (size before relaxing)
 .debug_str     0x000e50e7      0x23e src/ASF/sam/drivers/bpm/bpm.o
                              0xdea23 (size before relaxing)
 .debug_str     0x000e5325       0xc1 src/ASF/sam/drivers/wdt/wdt_sam4l.o
                              0xe2735 (size before relaxing)
 .debug_str     0x000e53e6       0x64 src/ASF/sam/utils/cmsis/sam4l/source/templates/exceptions.o
                              0xceac4 (size before relaxing)
 .debug_str     0x000e544a       0xb2 src/ASF/sam/utils/cmsis/sam4l/source/templates/gcc/startup_sam4l.o
                              0xcebad (size before relaxing)
 .debug_str     0x000e54fc      0x748 src/ASF/sam/utils/syscalls/gcc/syscalls.o
                               0x69f9 (size before relaxing)
 .debug_str     0x000e5c44      0x7ed src/main.o
                              0xe3e5a (size before relaxing)

.debug_frame    0x00000000     0x1ac4
 .debug_frame   0x00000000       0x20 src/ASF/common/services/delay/sam/cycle_counter.o
 .debug_frame   0x00000020       0x48 src/ASF/common/utils/stdio/read.o
 .debug_frame   0x00000068      0x5e4 src/ASF/sam/drivers/usart/usart.o
 .debug_frame   0x0000064c       0x48 src/ASF/common/utils/stdio/write.o
 .debug_frame   0x00000694      0x17c src/ASF/sam/drivers/gpio/gpio.o
 .debug_frame   0x00000810      0x1b0 src/ASF/common/services/clock/sam4l/sysclk.o
 .debug_frame   0x000009c0       0x30 src/ASF/common/utils/interrupt/interrupt_sam_nvic.o
 .debug_frame   0x000009f0       0x2c src/ASF/sam/boards/sam4l8_xplained_pro/init.o
 .debug_frame   0x00000a1c      0x184 src/ASF/sam/drivers/bpm/bpm.o
 .debug_frame   0x00000ba0       0xb4 src/ASF/sam/drivers/wdt/wdt_sam4l.o
 .debug_frame   0x00000c54       0x20 src/ASF/sam/utils/cmsis/sam4l/source/templates/exceptions.o
 .debug_frame   0x00000c74       0x28 src/ASF/sam/utils/cmsis/sam4l/source/templates/gcc/startup_sam4l.o
 .debug_frame   0x00000c9c       0xa8 src/ASF/sam/utils/syscalls/gcc/syscalls.o
 .debug_frame   0x00000d44      0x138 src/main.o
 .debug_frame   0x00000e7c       0x2c c:/program files (x86)/atmel/studio/7.0/toolchain/arm/arm-gnu-toolchain/bin/../lib/gcc/arm-none-eabi/5.3.1/armv7e-m\libgcc.a(_aeabi_uldivmod.o)
 .debug_frame   0x00000ea8       0x34 c:/program files (x86)/atmel/studio/7.0/toolchain/arm/arm-gnu-toolchain/bin/../lib/gcc/arm-none-eabi/5.3.1/armv7e-m\libgcc.a(_udivmoddi4.o)
 .debug_frame   0x00000edc       0x2c c:/program files (x86)/atmel/studio/7.0/toolchain/arm/arm-gnu-toolchain/bin/../lib/gcc/arm-none-eabi/5.3.1/../../../../arm-none-eabi/lib/armv7e-m\libc.a(lib_a-init.o)
 .debug_frame   0x00000f08       0x74 c:/program files (x86)/atmel/studio/7.0/toolchain/arm/arm-gnu-toolchain/bin/../lib/gcc/arm-none-eabi/5.3.1/../../../../arm-none-eabi/lib/armv7e-m\libc.a(lib_a-iprintf.o)
 .debug_frame   0x00000f7c       0x34 c:/program files (x86)/atmel/studio/7.0/toolchain/arm/arm-gnu-toolchain/bin/../lib/gcc/arm-none-eabi/5.3.1/../../../../arm-none-eabi/lib/armv7e-m\libc.a(lib_a-memset.o)
 .debug_frame   0x00000fb0       0x20 c:/program files (x86)/atmel/studio/7.0/toolchain/arm/arm-gnu-toolchain/bin/../lib/gcc/arm-none-eabi/5.3.1/../../../../arm-none-eabi/lib/armv7e-m\libc.a(lib_a-setbuf.o)
 .debug_frame   0x00000fd0       0x50 c:/program files (x86)/atmel/studio/7.0/toolchain/arm/arm-gnu-toolchain/bin/../lib/gcc/arm-none-eabi/5.3.1/../../../../arm-none-eabi/lib/armv7e-m\libc.a(lib_a-setvbuf.o)
 .debug_frame   0x00001020       0xc8 c:/program files (x86)/atmel/studio/7.0/toolchain/arm/arm-gnu-toolchain/bin/../lib/gcc/arm-none-eabi/5.3.1/../../../../arm-none-eabi/lib/armv7e-m\libc.a(lib_a-vfiprintf.o)
 .debug_frame   0x000010e8       0x2c c:/program files (x86)/atmel/studio/7.0/toolchain/arm/arm-gnu-toolchain/bin/../lib/gcc/arm-none-eabi/5.3.1/../../../../arm-none-eabi/lib/armv7e-m\libc.a(lib_a-wsetup.o)
 .debug_frame   0x00001114       0x50 c:/program files (x86)/atmel/studio/7.0/toolchain/arm/arm-gnu-toolchain/bin/../lib/gcc/arm-none-eabi/5.3.1/../../../../arm-none-eabi/lib/armv7e-m\libc.a(lib_a-__call_atexit.o)
 .debug_frame   0x00001164       0x20 c:/program files (x86)/atmel/studio/7.0/toolchain/arm/arm-gnu-toolchain/bin/../lib/gcc/arm-none-eabi/5.3.1/../../../../arm-none-eabi/lib/armv7e-m\libc.a(lib_a-atexit.o)
 .debug_frame   0x00001184       0x6c c:/program files (x86)/atmel/studio/7.0/toolchain/arm/arm-gnu-toolchain/bin/../lib/gcc/arm-none-eabi/5.3.1/../../../../arm-none-eabi/lib/armv7e-m\libc.a(lib_a-fflush.o)
 .debug_frame   0x000011f0      0x124 c:/program files (x86)/atmel/studio/7.0/toolchain/arm/arm-gnu-toolchain/bin/../lib/gcc/arm-none-eabi/5.3.1/../../../../arm-none-eabi/lib/armv7e-m\libc.a(lib_a-findfp.o)
 .debug_frame   0x00001314       0x34 c:/program files (x86)/atmel/studio/7.0/toolchain/arm/arm-gnu-toolchain/bin/../lib/gcc/arm-none-eabi/5.3.1/../../../../arm-none-eabi/lib/armv7e-m\libc.a(lib_a-fini.o)
 .debug_frame   0x00001348       0x8c c:/program files (x86)/atmel/studio/7.0/toolchain/arm/arm-gnu-toolchain/bin/../lib/gcc/arm-none-eabi/5.3.1/../../../../arm-none-eabi/lib/armv7e-m\libc.a(lib_a-fputwc.o)
 .debug_frame   0x000013d4       0x74 c:/program files (x86)/atmel/studio/7.0/toolchain/arm/arm-gnu-toolchain/bin/../lib/gcc/arm-none-eabi/5.3.1/../../../../arm-none-eabi/lib/armv7e-m\libc.a(lib_a-freer.o)
 .debug_frame   0x00001448       0x68 c:/program files (x86)/atmel/studio/7.0/toolchain/arm/arm-gnu-toolchain/bin/../lib/gcc/arm-none-eabi/5.3.1/../../../../arm-none-eabi/lib/armv7e-m\libc.a(lib_a-fvwrite.o)
 .debug_frame   0x000014b0       0x54 c:/program files (x86)/atmel/studio/7.0/toolchain/arm/arm-gnu-toolchain/bin/../lib/gcc/arm-none-eabi/5.3.1/../../../../arm-none-eabi/lib/armv7e-m\libc.a(lib_a-fwalk.o)
 .debug_frame   0x00001504       0x9c c:/program files (x86)/atmel/studio/7.0/toolchain/arm/arm-gnu-toolchain/bin/../lib/gcc/arm-none-eabi/5.3.1/../../../../arm-none-eabi/lib/armv7e-m\libc.a(lib_a-locale.o)
 .debug_frame   0x000015a0       0x68 c:/program files (x86)/atmel/studio/7.0/toolchain/arm/arm-gnu-toolchain/bin/../lib/gcc/arm-none-eabi/5.3.1/../../../../arm-none-eabi/lib/armv7e-m\libc.a(lib_a-makebuf.o)
 .debug_frame   0x00001608       0x30 c:/program files (x86)/atmel/studio/7.0/toolchain/arm/arm-gnu-toolchain/bin/../lib/gcc/arm-none-eabi/5.3.1/../../../../arm-none-eabi/lib/armv7e-m\libc.a(lib_a-malloc.o)
 .debug_frame   0x00001638       0x58 c:/program files (x86)/atmel/studio/7.0/toolchain/arm/arm-gnu-toolchain/bin/../lib/gcc/arm-none-eabi/5.3.1/../../../../arm-none-eabi/lib/armv7e-m\libc.a(lib_a-mallocr.o)
 .debug_frame   0x00001690       0x30 c:/program files (x86)/atmel/studio/7.0/toolchain/arm/arm-gnu-toolchain/bin/../lib/gcc/arm-none-eabi/5.3.1/../../../../arm-none-eabi/lib/armv7e-m\libc.a(lib_a-memmove.o)
 .debug_frame   0x000016c0       0x30 c:/program files (x86)/atmel/studio/7.0/toolchain/arm/arm-gnu-toolchain/bin/../lib/gcc/arm-none-eabi/5.3.1/../../../../arm-none-eabi/lib/armv7e-m\libc.a(lib_a-mlock.o)
 .debug_frame   0x000016f0       0x60 c:/program files (x86)/atmel/studio/7.0/toolchain/arm/arm-gnu-toolchain/bin/../lib/gcc/arm-none-eabi/5.3.1/../../../../arm-none-eabi/lib/armv7e-m\libc.a(lib_a-reallocr.o)
 .debug_frame   0x00001750       0x2c c:/program files (x86)/atmel/studio/7.0/toolchain/arm/arm-gnu-toolchain/bin/../lib/gcc/arm-none-eabi/5.3.1/../../../../arm-none-eabi/lib/armv7e-m\libc.a(lib_a-sbrkr.o)
 .debug_frame   0x0000177c       0x88 c:/program files (x86)/atmel/studio/7.0/toolchain/arm/arm-gnu-toolchain/bin/../lib/gcc/arm-none-eabi/5.3.1/../../../../arm-none-eabi/lib/armv7e-m\libc.a(lib_a-stdio.o)
 .debug_frame   0x00001804       0x40 c:/program files (x86)/atmel/studio/7.0/toolchain/arm/arm-gnu-toolchain/bin/../lib/gcc/arm-none-eabi/5.3.1/../../../../arm-none-eabi/lib/armv7e-m\libc.a(lib_a-wbuf.o)
 .debug_frame   0x00001844       0x60 c:/program files (x86)/atmel/studio/7.0/toolchain/arm/arm-gnu-toolchain/bin/../lib/gcc/arm-none-eabi/5.3.1/../../../../arm-none-eabi/lib/armv7e-m\libc.a(lib_a-wcrtomb.o)
 .debug_frame   0x000018a4       0x48 c:/program files (x86)/atmel/studio/7.0/toolchain/arm/arm-gnu-toolchain/bin/../lib/gcc/arm-none-eabi/5.3.1/../../../../arm-none-eabi/lib/armv7e-m\libc.a(lib_a-wctomb_r.o)
 .debug_frame   0x000018ec       0x2c c:/program files (x86)/atmel/studio/7.0/toolchain/arm/arm-gnu-toolchain/bin/../lib/gcc/arm-none-eabi/5.3.1/../../../../arm-none-eabi/lib/armv7e-m\libc.a(lib_a-writer.o)
 .debug_frame   0x00001918       0x34 c:/program files (x86)/atmel/studio/7.0/toolchain/arm/arm-gnu-toolchain/bin/../lib/gcc/arm-none-eabi/5.3.1/../../../../arm-none-eabi/lib/armv7e-m\libc.a(lib_a-__atexit.o)
 .debug_frame   0x0000194c       0x2c c:/program files (x86)/atmel/studio/7.0/toolchain/arm/arm-gnu-toolchain/bin/../lib/gcc/arm-none-eabi/5.3.1/../../../../arm-none-eabi/lib/armv7e-m\libc.a(lib_a-closer.o)
 .debug_frame   0x00001978       0x44 c:/program files (x86)/atmel/studio/7.0/toolchain/arm/arm-gnu-toolchain/bin/../lib/gcc/arm-none-eabi/5.3.1/../../../../arm-none-eabi/lib/armv7e-m\libc.a(lib_a-fclose.o)
 .debug_frame   0x000019bc       0x2c c:/program files (x86)/atmel/studio/7.0/toolchain/arm/arm-gnu-toolchain/bin/../lib/gcc/arm-none-eabi/5.3.1/../../../../arm-none-eabi/lib/armv7e-m\libc.a(lib_a-fstatr.o)
 .debug_frame   0x000019e8       0x2c c:/program files (x86)/atmel/studio/7.0/toolchain/arm/arm-gnu-toolchain/bin/../lib/gcc/arm-none-eabi/5.3.1/../../../../arm-none-eabi/lib/armv7e-m\libc.a(lib_a-isattyr.o)
 .debug_frame   0x00001a14       0x2c c:/program files (x86)/atmel/studio/7.0/toolchain/arm/arm-gnu-toolchain/bin/../lib/gcc/arm-none-eabi/5.3.1/../../../../arm-none-eabi/lib/armv7e-m\libc.a(lib_a-lseekr.o)
 .debug_frame   0x00001a40       0x2c c:/program files (x86)/atmel/studio/7.0/toolchain/arm/arm-gnu-toolchain/bin/../lib/gcc/arm-none-eabi/5.3.1/../../../../arm-none-eabi/lib/armv7e-m\libc.a(lib_a-readr.o)
 .debug_frame   0x00001a6c       0x58 c:/program files (x86)/atmel/studio/7.0/toolchain/arm/arm-gnu-toolchain/bin/../lib/gcc/arm-none-eabi/5.3.1/../../../../arm-none-eabi/lib/armv7e-m\libc.a(lib_a-reent.o)

.debug_loc      0x00000000     0x3f3e
 .debug_loc     0x00000000       0xd2 src/ASF/common/utils/stdio/read.o
 .debug_loc     0x000000d2     0x11a5 src/ASF/sam/drivers/usart/usart.o
 .debug_loc     0x00001277      0x15d src/ASF/common/utils/stdio/write.o
 .debug_loc     0x000013d4      0x519 src/ASF/sam/drivers/gpio/gpio.o
 .debug_loc     0x000018ed     0x147d src/ASF/common/services/clock/sam4l/sysclk.o
 .debug_loc     0x00002d6a      0x158 src/ASF/sam/boards/sam4l8_xplained_pro/init.o
 .debug_loc     0x00002ec2      0x45f src/ASF/sam/drivers/bpm/bpm.o
 .debug_loc     0x00003321      0x1d9 src/ASF/sam/drivers/wdt/wdt_sam4l.o
 .debug_loc     0x000034fa       0x5e src/ASF/sam/utils/cmsis/sam4l/source/templates/gcc/startup_sam4l.o
 .debug_loc     0x00003558      0x12b src/ASF/sam/utils/syscalls/gcc/syscalls.o
 .debug_loc     0x00003683      0x8bb src/main.o

Cross Reference Table

Symbol                                            File
ABDACB_Handler                                    src/ASF/sam/utils/cmsis/sam4l/source/templates/exceptions.o
                                                  src/ASF/sam/utils/cmsis/sam4l/source/templates/gcc/startup_sam4l.o
ACIFC_Handler                                     src/ASF/sam/utils/cmsis/sam4l/source/templates/exceptions.o
                                                  src/ASF/sam/utils/cmsis/sam4l/source/templates/gcc/startup_sam4l.o
ADCIFE_Handler                                    src/ASF/sam/utils/cmsis/sam4l/source/templates/exceptions.o
                                                  src/ASF/sam/utils/cmsis/sam4l/source/templates/gcc/startup_sam4l.o
AESA_Handler                                      src/ASF/sam/utils/cmsis/sam4l/source/templates/exceptions.o
                                                  src/ASF/sam/utils/cmsis/sam4l/source/templates/gcc/startup_sam4l.o
AST_ALARM_Handler                                 src/ASF/sam/utils/cmsis/sam4l/source/templates/exceptions.o
                                                  src/ASF/sam/utils/cmsis/sam4l/source/templates/gcc/startup_sam4l.o
AST_CLKREADY_Handler                              src/ASF/sam/utils/cmsis/sam4l/source/templates/exceptions.o
                                                  src/ASF/sam/utils/cmsis/sam4l/source/templates/gcc/startup_sam4l.o
AST_OVF_Handler                                   src/ASF/sam/utils/cmsis/sam4l/source/templates/exceptions.o
                                                  src/ASF/sam/utils/cmsis/sam4l/source/templates/gcc/startup_sam4l.o
AST_PER_Handler                                   src/ASF/sam/utils/cmsis/sam4l/source/templates/exceptions.o
                                                  src/ASF/sam/utils/cmsis/sam4l/source/templates/gcc/startup_sam4l.o
AST_READY_Handler                                 src/ASF/sam/utils/cmsis/sam4l/source/templates/exceptions.o
                                                  src/ASF/sam/utils/cmsis/sam4l/source/templates/gcc/startup_sam4l.o
BPM_Handler                                       src/ASF/sam/utils/cmsis/sam4l/source/templates/exceptions.o
                                                  src/ASF/sam/utils/cmsis/sam4l/source/templates/gcc/startup_sam4l.o
BSCIF_Handler                                     src/ASF/sam/utils/cmsis/sam4l/source/templates/exceptions.o
                                                  src/ASF/sam/utils/cmsis/sam4l/source/templates/gcc/startup_sam4l.o
BusFault_Handler                                  src/ASF/sam/utils/cmsis/sam4l/source/templates/exceptions.o
                                                  src/ASF/sam/utils/cmsis/sam4l/source/templates/gcc/startup_sam4l.o
CATB_Handler                                      src/ASF/sam/utils/cmsis/sam4l/source/templates/exceptions.o
                                                  src/ASF/sam/utils/cmsis/sam4l/source/templates/gcc/startup_sam4l.o
CRCCU_Handler                                     src/ASF/sam/utils/cmsis/sam4l/source/templates/exceptions.o
                                                  src/ASF/sam/utils/cmsis/sam4l/source/templates/gcc/startup_sam4l.o
DACC_Handler                                      src/ASF/sam/utils/cmsis/sam4l/source/templates/exceptions.o
                                                  src/ASF/sam/utils/cmsis/sam4l/source/templates/gcc/startup_sam4l.o
DebugMon_Handler                                  src/ASF/sam/utils/cmsis/sam4l/source/templates/exceptions.o
                                                  src/ASF/sam/utils/cmsis/sam4l/source/templates/gcc/startup_sam4l.o
Dummy_Handler                                     src/ASF/sam/utils/cmsis/sam4l/source/templates/exceptions.o
                                                  src/ASF/sam/utils/cmsis/sam4l/source/templates/gcc/startup_sam4l.o
EIC_1_Handler                                     src/ASF/sam/utils/cmsis/sam4l/source/templates/exceptions.o
                                                  src/ASF/sam/utils/cmsis/sam4l/source/templates/gcc/startup_sam4l.o
EIC_2_Handler                                     src/ASF/sam/utils/cmsis/sam4l/source/templates/exceptions.o
                                                  src/ASF/sam/utils/cmsis/sam4l/source/templates/gcc/startup_sam4l.o
EIC_3_Handler                                     src/ASF/sam/utils/cmsis/sam4l/source/templates/exceptions.o
                                                  src/ASF/sam/utils/cmsis/sam4l/source/templates/gcc/startup_sam4l.o
EIC_4_Handler                                     src/ASF/sam/utils/cmsis/sam4l/source/templates/exceptions.o
                                                  src/ASF/sam/utils/cmsis/sam4l/source/templates/gcc/startup_sam4l.o
EIC_5_Handler                                     src/ASF/sam/utils/cmsis/sam4l/source/templates/exceptions.o
                                                  src/ASF/sam/utils/cmsis/sam4l/source/templates/gcc/startup_sam4l.o
EIC_6_Handler                                     src/ASF/sam/utils/cmsis/sam4l/source/templates/exceptions.o
                                                  src/ASF/sam/utils/cmsis/sam4l/source/templates/gcc/startup_sam4l.o
EIC_7_Handler                                     src/ASF/sam/utils/cmsis/sam4l/source/templates/exceptions.o
                                                  src/ASF/sam/utils/cmsis/sam4l/source/templates/gcc/startup_sam4l.o
EIC_8_Handler                                     src/ASF/sam/utils/cmsis/sam4l/source/templates/exceptions.o
                                                  src/ASF/sam/utils/cmsis/sam4l/source/templates/gcc/startup_sam4l.o
FREQM_Handler                                     src/ASF/sam/utils/cmsis/sam4l/source/templates/exceptions.o
                                                  src/ASF/sam/utils/cmsis/sam4l/source/templates/gcc/startup_sam4l.o
GPIO_0_Handler                                    src/ASF/sam/drivers/gpio/gpio.o
                                                  src/ASF/sam/utils/cmsis/sam4l/source/templates/gcc/startup_sam4l.o
GPIO_10_Handler                                   src/ASF/sam/drivers/gpio/gpio.o
                                                  src/ASF/sam/utils/cmsis/sam4l/source/templates/gcc/startup_sam4l.o
GPIO_11_Handler                                   src/ASF/sam/drivers/gpio/gpio.o
                                                  src/ASF/sam/utils/cmsis/sam4l/source/templates/gcc/startup_sam4l.o
GPIO_1_Handler                                    src/ASF/sam/drivers/gpio/gpio.o
                                                  src/ASF/sam/utils/cmsis/sam4l/source/templates/gcc/startup_sam4l.o
GPIO_2_Handler                                    src/ASF/sam/drivers/gpio/gpio.o